Archive member included because of file (symbol)

contiki-srf06-cc26xx.a(contiki-main.o)
                              obj_srf06-cc26xx/startup_gcc.o (main)
contiki-srf06-cc26xx.a(sensors.o)
                              cc26xx-demo.co (sensors_event)
contiki-srf06-cc26xx.a(leds.o)
                              contiki-srf06-cc26xx.a(contiki-main.o) (leds_init)
contiki-srf06-cc26xx.a(leds-arch.o)
                              contiki-srf06-cc26xx.a(leds.o) (leds_arch_init)
contiki-srf06-cc26xx.a(sensortag-senso)
                              contiki-srf06-cc26xx.a(sensors.o) (sensors_flags)
contiki-srf06-cc26xx.a(bmp-280-sensor.)
                              cc26xx-demo.co (bmp_280_sensor)
contiki-srf06-cc26xx.a(tmp-007-sensor.)
                              cc26xx-demo.co (tmp_007_sensor)
contiki-srf06-cc26xx.a(opt-3001-sensor)
                              cc26xx-demo.co (opt_3001_sensor)
contiki-srf06-cc26xx.a(hdc-1000-sensor)
                              cc26xx-demo.co (hdc_1000_sensor)
contiki-srf06-cc26xx.a(mpu-9250-sensor)
                              cc26xx-demo.co (mpu_9250_sensor)
contiki-srf06-cc26xx.a(button-sensor.o)
                              contiki-srf06-cc26xx.a(sensortag-senso) (button_right_sensor)
contiki-srf06-cc26xx.a(reed-relay.o)
                              cc26xx-demo.co (reed_relay_sensor)
contiki-srf06-cc26xx.a(board.o)
                              contiki-srf06-cc26xx.a(contiki-main.o) (board_init)
contiki-srf06-cc26xx.a(board-i2c.o)
                              contiki-srf06-cc26xx.a(board.o) (board_i2c_wakeup)
contiki-srf06-cc26xx.a(clock.o)
                              contiki-srf06-cc26xx.a(contiki-main.o) (clock_init)
contiki-srf06-cc26xx.a(rtimer-arch.o)
                              contiki-srf06-cc26xx.a(mpu-9250-sensor) (rtimer_arch_now)
contiki-srf06-cc26xx.a(soc-rtc.o)
                              contiki-srf06-cc26xx.a(contiki-main.o) (soc_rtc_init)
contiki-srf06-cc26xx.a(contiki-watchdo)
                              contiki-srf06-cc26xx.a(contiki-main.o) (watchdog_init)
contiki-srf06-cc26xx.a(putchar.o)
                              cc26xx-demo.co (putchar)
contiki-srf06-cc26xx.a(ieee-addr.o)
                              contiki-srf06-cc26xx.a(contiki-main.o) (ieee_addr_cpy_to)
contiki-srf06-cc26xx.a(batmon-sensor.o)
                              cc26xx-demo.co (batmon_sensor)
contiki-srf06-cc26xx.a(cc26xx-uart.o)
                              contiki-srf06-cc26xx.a(contiki-main.o) (cc26xx_uart_init)
contiki-srf06-cc26xx.a(lpm.o)
                              contiki-srf06-cc26xx.a(contiki-main.o) (lpm_drop)
contiki-srf06-cc26xx.a(gpio-interrupt.)
                              contiki-srf06-cc26xx.a(button-sensor.o) (gpio_interrupt_register_handler)
contiki-srf06-cc26xx.a(oscillators.o)
                              contiki-srf06-cc26xx.a(contiki-main.o) (oscillators_select_lf_xosc)
contiki-srf06-cc26xx.a(rf-ble.o)
                              cc26xx-demo.co (rf_ble_beacond_config)
contiki-srf06-cc26xx.a(ieee-mode.o)
                              contiki-srf06-cc26xx.a(contiki-main.o) (ieee_mode_driver)
contiki-srf06-cc26xx.a(dbg-printf.o)
                              cc26xx-demo.co (printf)
contiki-srf06-cc26xx.a(strformat.o)
                              contiki-srf06-cc26xx.a(dbg-printf.o) (format_str_v)
contiki-srf06-cc26xx.a(autostart.o)
                              contiki-srf06-cc26xx.a(contiki-main.o) (autostart_start)
contiki-srf06-cc26xx.a(ctimer.o)
                              contiki-srf06-cc26xx.a(contiki-main.o) (ctimer_init)
contiki-srf06-cc26xx.a(energest.o)
                              contiki-srf06-cc26xx.a(contiki-main.o) (energest_init)
contiki-srf06-cc26xx.a(etimer.o)
                              contiki-srf06-cc26xx.a(clock.o) (etimer_request_poll)
contiki-srf06-cc26xx.a(process.o)
                              contiki-srf06-cc26xx.a(sensors.o) (process_alloc_event)
contiki-srf06-cc26xx.a(rtimer.o)
                              contiki-srf06-cc26xx.a(contiki-main.o) (rtimer_init)
contiki-srf06-cc26xx.a(timer.o)
                              contiki-srf06-cc26xx.a(button-sensor.o) (timer_set)
contiki-srf06-cc26xx.a(serial-line.o)
                              contiki-srf06-cc26xx.a(contiki-main.o) (serial_line_init)
contiki-srf06-cc26xx.a(list.o)
                              contiki-srf06-cc26xx.a(lpm.o) (list_init)
contiki-srf06-cc26xx.a(random.o)
                              contiki-srf06-cc26xx.a(contiki-main.o) (random_init)
contiki-srf06-cc26xx.a(ringbuf.o)
                              contiki-srf06-cc26xx.a(serial-line.o) (ringbuf_init)
contiki-srf06-cc26xx.a(sicslowpan.o)
                              contiki-srf06-cc26xx.a(contiki-main.o) (sicslowpan_driver)
contiki-srf06-cc26xx.a(uip6.o)
                              contiki-srf06-cc26xx.a(sicslowpan.o) (uip_aligned_buf)
contiki-srf06-cc26xx.a(uip-ds6.o)
                              contiki-srf06-cc26xx.a(uip6.o) (uip_ds6_is_addr_onlink)
[...]
Memory Configuration

Name             Origin             Length             Attributes
FLASH            0x00000000         0x0001ffa8         xr
FLASH_CCFG       0x0001ffa8         0x00000058         xr
SRAM             0x20000000         0x00005000         xrw
GPRAM            0x11000000         0x00002000         xrw
*default*        0x00000000         0xffffffff

Linker script and memory map

LOAD obj_srf06-cc26xx/fault-handlers.o
LOAD obj_srf06-cc26xx/ccfg.o
LOAD obj_srf06-cc26xx/startup_gcc.o
LOAD cc26xx-demo.co
LOAD contiki-srf06-cc26xx.a
LOAD /usr/bin/../lib/gcc/arm-none-eabi/4.9.3/../../../../arm-none-eabi/lib/armv7-m/libm.a
START GROUP
LOAD /usr/bin/../lib/gcc/arm-none-eabi/4.9.3/armv7-m/libgcc.a
LOAD /usr/bin/../lib/gcc/arm-none-eabi/4.9.3/../../../../arm-none-eabi/lib/armv7-m/libc.a
END GROUP
                0x20005000                _estack = (ORIGIN (SRAM) + 0x5000)
                0x00000000                _Min_Heap_Size = 0x0
                0x00000100                _Min_Stack_Size = 0x100

.text           0x00000000    0x10968
                0x00000000                _text = .
 *(SORT(.vectors))
 .vectors       0x00000000       0xc8 obj_srf06-cc26xx/startup_gcc.o
                0x00000000                gVectors
 *(SORT(.text*))
 .text.value    0x000000c8       0xb0 contiki-srf06-cc26xx.a(opt-3001-sensor)
 .text.value    0x00000178       0x9c contiki-srf06-cc26xx.a(hdc-1000-sensor)
 *fill*         0x00000214        0x4 00000000
 .text.value    0x00000218      0x1b4 contiki-srf06-cc26xx.a(mpu-9250-sensor)
 *fill*         0x000003cc        0x4 00000000
 .text.__ieee754_pow
                0x000003d0      0xaa0 /usr/bin/../lib/gcc/arm-none-eabi/4.9.3/../../../../arm-none-eabi/lib/armv7-m/libm.a(lib_a-e_pow.o)
                0x000003d0                __ieee754_pow
 .text.scalbn   0x00000e70       0xec /usr/bin/../lib/gcc/arm-none-eabi/4.9.3/../../../../arm-none-eabi/lib/armv7-m/libm.a(lib_a-s_scalbn.o)
                0x00000e70                scalbn
 .text.FaultISR
                0x00000f5c       0x18 obj_srf06-cc26xx/fault-handlers.o
                0x00000f5c                FaultISR
 .text.NmiSRHandler
                0x00000f74        0x4 obj_srf06-cc26xx/startup_gcc.o
                0x00000f74                NmiSR
 .text.IntDefaultHandler
                0x00000f78        0x4 obj_srf06-cc26xx/startup_gcc.o
                0x00000f78                TRNGIntHandler
                0x00000f78                SSI0IntHandler
                0x00000f78                SWEvent0IntHandler
                0x00000f78                uDMAIntHandler
                0x00000f78                WatchdogIntHandler
                0x00000f78                RFCHardwareIntHandler
                0x00000f78                Timer1BIntHandler
                0x00000f78                I2SIntHandler
                0x00000f78                Timer2BIntHandler
                0x00000f78                Timer2AIntHandler
                0x00000f78                Timer1AIntHandler
                0x00000f78                AONIntHandler
                0x00000f78                AUXSWEvent0IntHandler
                0x00000f78                AUXADCIntHandler
                0x00000f78                PendSVIntHandler
                0x00000f78                AUXSWEvent1IntHandler
                0x00000f78                SVCallIntHandler
                0x00000f78                MPUFaultIntHandler
                0x00000f78                SysTickIntHandler
                0x00000f78                BusFaultIntHandler
                0x00000f78                AONProgIntHandler
                0x00000f78                AUXCompAIntHandler
                0x00000f78                SSI1IntHandler
                0x00000f78                FlashIntHandler
                0x00000f78                uDMAErrIntHandler
                0x00000f78                UsageFaultIntHandler
                0x00000f78                RFCCmdAckIntHandler
                0x00000f78                CryptoIntHandler
                0x00000f78                Timer0AIntHandler
                0x00000f78                I2CIntHandler
                0x00000f78                DebugMonIntHandler
                0x00000f78                Timer0BIntHandler
                0x00000f78                AUXCombEventIntHandler
                0x00000f78                Timer3AIntHandler
                0x00000f78                DynProgIntHandler
                0x00000f78                Timer3BIntHandler
 .text.ResetISR
                0x00000f7c       0x5c obj_srf06-cc26xx/startup_gcc.o
                0x00000f7c                ResetISR
 .text.init_bmp_reading
                0x00000fd8       0x10 cc26xx-demo.co
 .text.init_opt_reading
                0x00000fe8       0x10 cc26xx-demo.co
 .text.init_hdc_reading
                0x00000ff8       0x10 cc26xx-demo.co
 .text.init_tmp_reading
                0x00001008       0x10 cc26xx-demo.co
 .text.init_mpu_reading
                0x00001018       0x10 cc26xx-demo.co
 .text.receiver
                0x00001028       0x14 cc26xx-demo.co
 .text.get_sync_sensor_readings
                0x0000103c       0x4c cc26xx-demo.co
 .text.print_mpu_reading
                0x00001088       0x34 cc26xx-demo.co
 .text.process_thread_cc26xx_demo_process
                0x000010bc      0x73c cc26xx-demo.co
 .text.fade     0x000017f8       0x64 contiki-srf06-cc26xx.a(contiki-main.o)
 .text.startup.main
                0x0000185c      0x1e4 contiki-srf06-cc26xx.a(contiki-main.o)
                0x0000185c                main
 .text.process_thread_sensors_process
                0x00001a40       0xf8 contiki-srf06-cc26xx.a(sensors.o)
 .text.sensors_changed
                0x00001b38       0x50 contiki-srf06-cc26xx.a(sensors.o)
                0x00001b38                sensors_changed
 .text.leds_init
                0x00001b88       0x14 contiki-srf06-cc26xx.a(leds.o)
                0x00001b88                leds_init
 .text.leds_on  0x00001b9c       0x14 contiki-srf06-cc26xx.a(leds.o)
                0x00001b9c                leds_on
 .text.leds_off
                0x00001bb0       0x14 contiki-srf06-cc26xx.a(leds.o)
                0x00001bb0                leds_off
 .text.leds_toggle
                0x00001bc4       0x14 contiki-srf06-cc26xx.a(leds.o)
                0x00001bc4                leds_toggle
 .text.leds_arch_init
                0x00001bd8       0x38 contiki-srf06-cc26xx.a(leds-arch.o)
                0x00001bd8                leds_arch_init
 .text.leds_arch_set
                0x00001c10       0x34 contiki-srf06-cc26xx.a(leds-arch.o)
                0x00001c10                leds_arch_set
 .text.status   0x00001c44       0x14 contiki-srf06-cc26xx.a(bmp-280-sensor.)
 .text.notify_ready
                0x00001c58       0x14 contiki-srf06-cc26xx.a(bmp-280-sensor.)
 .text.enable_sensor
                0x00001c6c       0x2c contiki-srf06-cc26xx.a(bmp-280-sensor.)
 .text.configure
                0x00001c98       0x94 contiki-srf06-cc26xx.a(bmp-280-sensor.)
 .text.value    0x00001d2c      0x15c contiki-srf06-cc26xx.a(bmp-280-sensor.)
 .text.status   0x00001e88       0x14 contiki-srf06-cc26xx.a(tmp-007-sensor.)
 .text.notify_ready
                0x00001e9c       0x14 contiki-srf06-cc26xx.a(tmp-007-sensor.)
 .text.enable_sensor
                0x00001eb0       0x2c contiki-srf06-cc26xx.a(tmp-007-sensor.)
 .text.configure
                0x00001edc       0x94 contiki-srf06-cc26xx.a(tmp-007-sensor.)
 .text.value    0x00001f70       0xec contiki-srf06-cc26xx.a(tmp-007-sensor.)
 .text.status   0x0000205c        0xc contiki-srf06-cc26xx.a(opt-3001-sensor)
 .text.enable_sensor
                0x00002068       0x44 contiki-srf06-cc26xx.a(opt-3001-sensor)
 .text.notify_ready
                0x000020ac       0x54 contiki-srf06-cc26xx.a(opt-3001-sensor)
 .text.configure
                0x00002100       0x4c contiki-srf06-cc26xx.a(opt-3001-sensor)
 .text.status   0x0000214c       0x14 contiki-srf06-cc26xx.a(hdc-1000-sensor)
 .text.notify_ready
                0x00002160       0x60 contiki-srf06-cc26xx.a(hdc-1000-sensor)
 .text.configure
                0x000021c0       0xb8 contiki-srf06-cc26xx.a(hdc-1000-sensor)
 .text.acc_convert
                0x00002278       0x70 contiki-srf06-cc26xx.a(mpu-9250-sensor)
 .text.status   0x000022e8       0x14 contiki-srf06-cc26xx.a(mpu-9250-sensor)
 .text.notify_ready
                0x000022fc       0x14 contiki-srf06-cc26xx.a(mpu-9250-sensor)
 .text.sensor_sleep
                0x00002310       0x38 contiki-srf06-cc26xx.a(mpu-9250-sensor)
 .text.configure
                0x00002348       0xdc contiki-srf06-cc26xx.a(mpu-9250-sensor)
 .text.int_status
                0x00002424       0x28 contiki-srf06-cc26xx.a(mpu-9250-sensor)
 .text.initialise
                0x0000244c       0xfc contiki-srf06-cc26xx.a(mpu-9250-sensor)
 .text.status.part.0
                0x00002548       0x14 contiki-srf06-cc26xx.a(button-sensor.o)
 .text.value_left
                0x0000255c       0x24 contiki-srf06-cc26xx.a(button-sensor.o)
 .text.value_right
                0x00002580       0x24 contiki-srf06-cc26xx.a(button-sensor.o)
 .text.status_left
                0x000025a4       0x10 contiki-srf06-cc26xx.a(button-sensor.o)
 .text.status_right
                0x000025b4       0x10 contiki-srf06-cc26xx.a(button-sensor.o)
 .text.config_buttons
                0x000025c4       0x8c contiki-srf06-cc26xx.a(button-sensor.o)
 .text.config_left
                0x00002650        0xc contiki-srf06-cc26xx.a(button-sensor.o)
 .text.config_right
                0x0000265c        0xc contiki-srf06-cc26xx.a(button-sensor.o)
 .text.button_press_handler
                0x00002668       0x98 contiki-srf06-cc26xx.a(button-sensor.o)
 .text.value    0x00002700       0x10 contiki-srf06-cc26xx.a(reed-relay.o)
 .text.status   0x00002710       0x20 contiki-srf06-cc26xx.a(reed-relay.o)
 .text.configure
                0x00002730       0x6c contiki-srf06-cc26xx.a(reed-relay.o)
 .text.reed_interrupt_handler
                0x0000279c       0x28 contiki-srf06-cc26xx.a(reed-relay.o)
 .text.power_domains_on
                0x000027c4       0x20 contiki-srf06-cc26xx.a(board.o)
 .text.lpm_wakeup_handler
                0x000027e4        0x4 contiki-srf06-cc26xx.a(board.o)
 .text.shutdown_handler
                0x000027e8       0x68 contiki-srf06-cc26xx.a(board.o)
 .text.board_init
                0x00002850      0x118 contiki-srf06-cc26xx.a(board.o)
                0x00002850                board_init
 .text.i2c_status
                0x00002968       0x34 contiki-srf06-cc26xx.a(board-i2c.o)
 .text.accessible
                0x0000299c       0x24 contiki-srf06-cc26xx.a(board-i2c.o)
 .text.board_i2c_wakeup
                0x000029c0       0x5c contiki-srf06-cc26xx.a(board-i2c.o)
                0x000029c0                board_i2c_wakeup
 .text.board_i2c_shutdown
                0x00002a1c       0xa4 contiki-srf06-cc26xx.a(board-i2c.o)
                0x00002a1c                board_i2c_shutdown
 .text.board_i2c_write
                0x00002ac0       0xc0 contiki-srf06-cc26xx.a(board-i2c.o)
                0x00002ac0                board_i2c_write
 .text.board_i2c_write_single
                0x00002b80       0x44 contiki-srf06-cc26xx.a(board-i2c.o)
                0x00002b80                board_i2c_write_single
 .text.board_i2c_read
                0x00002bc4       0xb4 contiki-srf06-cc26xx.a(board-i2c.o)
                0x00002bc4                board_i2c_read
 .text.board_i2c_write_read
                0x00002c78      0x138 contiki-srf06-cc26xx.a(board-i2c.o)
                0x00002c78                board_i2c_write_read
 .text.board_i2c_select
                0x00002db0       0xdc contiki-srf06-cc26xx.a(board-i2c.o)
                0x00002db0                board_i2c_select
 .text.power_domain_on
                0x00002e8c       0x20 contiki-srf06-cc26xx.a(clock.o)
 .text.clock_init
                0x00002eac       0x90 contiki-srf06-cc26xx.a(clock.o)
                0x00002eac                clock_init
 .text.clock_time
                0x00002f3c       0x34 contiki-srf06-cc26xx.a(clock.o)
                0x00002f3c                clock_time
 .text.clock_update
                0x00002f70       0x3c contiki-srf06-cc26xx.a(clock.o)
                0x00002f70                clock_update
 .text.clock_seconds
                0x00002fac       0x18 contiki-srf06-cc26xx.a(clock.o)
                0x00002fac                clock_seconds
 .text.rtimer_arch_init
                0x00002fc4        0x4 contiki-srf06-cc26xx.a(rtimer-arch.o)
                0x00002fc4                rtimer_arch_init
 .text.rtimer_arch_schedule
                0x00002fc8        0x8 contiki-srf06-cc26xx.a(rtimer-arch.o)
                0x00002fc8                rtimer_arch_schedule
 .text.rtimer_arch_now
                0x00002fd0        0x4 contiki-srf06-cc26xx.a(rtimer-arch.o)
                0x00002fd0                rtimer_arch_now
 .text.soc_rtc_init
                0x00002fd4       0x94 contiki-srf06-cc26xx.a(soc-rtc.o)
                0x00002fd4                soc_rtc_init
 .text.soc_rtc_get_next_trigger
                0x00003068       0x28 contiki-srf06-cc26xx.a(soc-rtc.o)
                0x00003068                soc_rtc_get_next_trigger
 .text.soc_rtc_schedule_one_shot
                0x00003090       0x4c contiki-srf06-cc26xx.a(soc-rtc.o)
                0x00003090                soc_rtc_schedule_one_shot
 .text.soc_rtc_last_isr_time
                0x000030dc        0xc contiki-srf06-cc26xx.a(soc-rtc.o)
                0x000030dc                soc_rtc_last_isr_time
 .text.AONRTCIntHandler
                0x000030e8       0x68 contiki-srf06-cc26xx.a(soc-rtc.o)
                0x000030e8                AONRTCIntHandler
 .text.lock_config
                0x00003150       0x18 contiki-srf06-cc26xx.a(contiki-watchdo)
 .text.unlock_config
                0x00003168       0x2c contiki-srf06-cc26xx.a(contiki-watchdo)
 .text.watchdog_init
                0x00003194       0x1c contiki-srf06-cc26xx.a(contiki-watchdo)
                0x00003194                watchdog_init
 .text.watchdog_start
                0x000031b0       0x30 contiki-srf06-cc26xx.a(contiki-watchdo)
                0x000031b0                watchdog_start
 .text.watchdog_periodic
                0x000031e0       0x1c contiki-srf06-cc26xx.a(contiki-watchdo)
                0x000031e0                watchdog_periodic
 .text.putchar  0x000031fc       0x10 contiki-srf06-cc26xx.a(putchar.o)
                0x000031fc                putchar
 .text.puts     0x0000320c       0x30 contiki-srf06-cc26xx.a(putchar.o)
                0x0000320c                puts
 .text.dbg_send_bytes
                0x0000323c       0x40 contiki-srf06-cc26xx.a(putchar.o)
                0x0000323c                dbg_send_bytes
 .text.ieee_addr_cpy_to
                0x0000327c       0x40 contiki-srf06-cc26xx.a(ieee-addr.o)
                0x0000327c                ieee_addr_cpy_to
 .text.configure
                0x000032bc       0x34 contiki-srf06-cc26xx.a(batmon-sensor.o)
 .text.status   0x000032f0       0x14 contiki-srf06-cc26xx.a(batmon-sensor.o)
 .text.value    0x00003304       0x24 contiki-srf06-cc26xx.a(batmon-sensor.o)
 .text.power_and_clock
                0x00003328       0x40 contiki-srf06-cc26xx.a(cc26xx-uart.o)
 .text.enable   0x00003368       0xf4 contiki-srf06-cc26xx.a(cc26xx-uart.o)
 .text.accessible
                0x0000345c       0x24 contiki-srf06-cc26xx.a(cc26xx-uart.o)
 .text.lpm_drop_handler
                0x00003480       0xcc contiki-srf06-cc26xx.a(cc26xx-uart.o)
 .text.cc26xx_uart_init
                0x0000354c       0x28 contiki-srf06-cc26xx.a(cc26xx-uart.o)
                0x0000354c                cc26xx_uart_init
 .text.cc26xx_uart_write_byte
                0x00003574       0x28 contiki-srf06-cc26xx.a(cc26xx-uart.o)
                0x00003574                cc26xx_uart_write_byte
 .text.cc26xx_uart_busy
                0x0000359c       0x18 contiki-srf06-cc26xx.a(cc26xx-uart.o)
                0x0000359c                cc26xx_uart_busy
 .text.UART0IntHandler
                0x000035b4       0x54 contiki-srf06-cc26xx.a(cc26xx-uart.o)
                0x000035b4                UART0IntHandler
 .text.lpm_drop
                0x00003608      0x1f4 contiki-srf06-cc26xx.a(lpm.o)
                0x00003608                lpm_drop
 .text.lpm_sleep
                0x000037fc       0x14 contiki-srf06-cc26xx.a(lpm.o)
                0x000037fc                lpm_sleep
 .text.lpm_register_module
                0x00003810        0xc contiki-srf06-cc26xx.a(lpm.o)
                0x00003810                lpm_register_module
 .text.lpm_unregister_module
                0x0000381c        0xc contiki-srf06-cc26xx.a(lpm.o)
                0x0000381c                lpm_unregister_module
 .text.lpm_init
                0x00003828       0x20 contiki-srf06-cc26xx.a(lpm.o)
                0x00003828                lpm_init
 .text.lpm_pin_set_default_state
                0x00003848       0x30 contiki-srf06-cc26xx.a(lpm.o)
                0x00003848                lpm_pin_set_default_state
 .text.gpio_interrupt_register_handler
                0x00003878       0x2c contiki-srf06-cc26xx.a(gpio-interrupt.)
                0x00003878                gpio_interrupt_register_handler
 .text.gpio_interrupt_init
                0x000038a4       0x24 contiki-srf06-cc26xx.a(gpio-interrupt.)
                0x000038a4                gpio_interrupt_init
 .text.GPIOIntHandler
                0x000038c8       0x30 contiki-srf06-cc26xx.a(gpio-interrupt.)
                0x000038c8                GPIOIntHandler
 .text.osc_interface_dis
                0x000038f8       0x28 contiki-srf06-cc26xx.a(oscillators.o)
 .text.osc_interface_en
                0x00003920       0x30 contiki-srf06-cc26xx.a(oscillators.o)
 .text.oscillators_select_lf_xosc
                0x00003950       0x48 contiki-srf06-cc26xx.a(oscillators.o)
                0x00003950                oscillators_select_lf_xosc
 .text.oscillators_request_hf_xosc
                0x00003998       0x24 contiki-srf06-cc26xx.a(oscillators.o)
                0x00003998                oscillators_request_hf_xosc
 .text.oscillators_switch_to_hf_xosc
                0x000039bc       0x28 contiki-srf06-cc26xx.a(oscillators.o)
                0x000039bc                oscillators_switch_to_hf_xosc
 .text.oscillators_switch_to_hf_rc
                0x000039e4       0x2c contiki-srf06-cc26xx.a(oscillators.o)
                0x000039e4                oscillators_switch_to_hf_rc
 .text.rf_ble_beacond_config
                0x00003a10        0x4 contiki-srf06-cc26xx.a(rf-ble.o)
                0x00003a10                rf_ble_beacond_config
 .text.rf_ble_beacond_start
                0x00003a14        0x4 contiki-srf06-cc26xx.a(rf-ble.o)
                0x00003a14                rf_ble_beacond_start
 .text.rf_ble_is_active
                0x00003a18        0xc contiki-srf06-cc26xx.a(rf-ble.o)
                0x00003a18                rf_ble_is_active
 .text.request  0x00003a24       0x20 contiki-srf06-cc26xx.a(ieee-mode.o)
 .text.rx_on    0x00003a44       0x60 contiki-srf06-cc26xx.a(ieee-mode.o)
 .text.rf_radio_setup
                0x00003aa4       0x74 contiki-srf06-cc26xx.a(ieee-mode.o)
 .text.soft_on  0x00003b18       0x18 contiki-srf06-cc26xx.a(ieee-mode.o)
 .text.pending_packet
                0x00003b30       0x34 contiki-srf06-cc26xx.a(ieee-mode.o)
 .text.prepare  0x00003b64       0x1c contiki-srf06-cc26xx.a(ieee-mode.o)
 .text.read_frame
                0x00003b80       0x58 contiki-srf06-cc26xx.a(ieee-mode.o)
 .text.soft_off
                0x00003bd8       0x3c contiki-srf06-cc26xx.a(ieee-mode.o)
 .text.get_object
                0x00003c14       0x30 contiki-srf06-cc26xx.a(ieee-mode.o)
 .text.transmitting
                0x00003c44       0x4c contiki-srf06-cc26xx.a(ieee-mode.o)
 .text.rx_off   0x00003c90       0x5c contiki-srf06-cc26xx.a(ieee-mode.o)
 .text.get_cca_info
                0x00003cec       0x44 contiki-srf06-cc26xx.a(ieee-mode.o)
 .text.off      0x00003d30       0x4c contiki-srf06-cc26xx.a(ieee-mode.o)
 .text.receiving_packet
                0x00003d7c       0x40 contiki-srf06-cc26xx.a(ieee-mode.o)
 .text.on       0x00003dbc       0x9c contiki-srf06-cc26xx.a(ieee-mode.o)
 .text.set_value
                0x00003e58      0x154 contiki-srf06-cc26xx.a(ieee-mode.o)
 .text.get_value
                0x00003fac      0x134 contiki-srf06-cc26xx.a(ieee-mode.o)
 .text.transmit
                0x000040e0       0xb0 contiki-srf06-cc26xx.a(ieee-mode.o)
 .text.send     0x00004190       0x24 contiki-srf06-cc26xx.a(ieee-mode.o)
 .text.set_object
                0x000041b4       0x68 contiki-srf06-cc26xx.a(ieee-mode.o)
 .text.channel_clear
                0x0000421c       0x68 contiki-srf06-cc26xx.a(ieee-mode.o)
 .text.init     0x00004284       0xe0 contiki-srf06-cc26xx.a(ieee-mode.o)
 .text.write_str
                0x00004364       0x14 contiki-srf06-cc26xx.a(dbg-printf.o)
 .text.printf   0x00004378       0x24 contiki-srf06-cc26xx.a(dbg-printf.o)
                0x00004378                printf
 .text.fill_space
                0x0000439c       0x3c contiki-srf06-cc26xx.a(strformat.o)
 .text.format_str_v
                0x000043d8      0x95c contiki-srf06-cc26xx.a(strformat.o)
                0x000043d8                format_str_v
 .text.autostart_start
                0x00004d34       0x18 contiki-srf06-cc26xx.a(autostart.o)
                0x00004d34                autostart_start
 .text.process_thread_ctimer_process
                0x00004d4c       0x94 contiki-srf06-cc26xx.a(ctimer.o)
 .text.ctimer_init
                0x00004de0       0x28 contiki-srf06-cc26xx.a(ctimer.o)
                0x00004de0                ctimer_init
 .text.ctimer_set_with_process
                0x00004e08       0x4c contiki-srf06-cc26xx.a(ctimer.o)
                0x00004e08                ctimer_set_with_process
 .text.ctimer_set
                0x00004e54       0x18 contiki-srf06-cc26xx.a(ctimer.o)
                0x00004e54                ctimer_set
 .text.ctimer_reset
                0x00004e6c       0x38 contiki-srf06-cc26xx.a(ctimer.o)
                0x00004e6c                ctimer_reset
 .text.ctimer_stop
                0x00004ea4       0x34 contiki-srf06-cc26xx.a(ctimer.o)
                0x00004ea4                ctimer_stop
 .text.energest_init
                0x00004ed8        0x4 contiki-srf06-cc26xx.a(energest.o)
                0x00004ed8                energest_init
 .text.update_time
                0x00004edc       0x44 contiki-srf06-cc26xx.a(etimer.o)
 .text.process_thread_etimer_process
                0x00004f20       0xc8 contiki-srf06-cc26xx.a(etimer.o)
 .text.add_timer
                0x00004fe8       0x54 contiki-srf06-cc26xx.a(etimer.o)
 .text.etimer_request_poll
                0x0000503c        0xc contiki-srf06-cc26xx.a(etimer.o)
                0x0000503c                etimer_request_poll
 .text.etimer_set
                0x00005048       0x14 contiki-srf06-cc26xx.a(etimer.o)
                0x00005048                etimer_set
 .text.etimer_reset
                0x0000505c       0x14 contiki-srf06-cc26xx.a(etimer.o)
                0x0000505c                etimer_reset
 .text.etimer_restart
                0x00005070       0x14 contiki-srf06-cc26xx.a(etimer.o)
                0x00005070                etimer_restart
 .text.etimer_expired
                0x00005084        0xc contiki-srf06-cc26xx.a(etimer.o)
                0x00005084                etimer_expired
 .text.etimer_expiration_time
                0x00005090        0x8 contiki-srf06-cc26xx.a(etimer.o)
                0x00005090                etimer_expiration_time
 .text.etimer_pending
                0x00005098       0x10 contiki-srf06-cc26xx.a(etimer.o)
                0x00005098                etimer_pending
 .text.etimer_next_expiration_time
                0x000050a8       0x14 contiki-srf06-cc26xx.a(etimer.o)
                0x000050a8                etimer_next_expiration_time
 .text.etimer_stop
                0x000050bc       0x4c contiki-srf06-cc26xx.a(etimer.o)
                0x000050bc                etimer_stop
 .text.exit_process
                0x00005108       0xb0 contiki-srf06-cc26xx.a(process.o)
 .text.call_process.part.0
                0x000051b8       0x38 contiki-srf06-cc26xx.a(process.o)
 .text.do_poll  0x000051f0       0x3c contiki-srf06-cc26xx.a(process.o)
 .text.process_alloc_event
                0x0000522c       0x10 contiki-srf06-cc26xx.a(process.o)
                0x0000522c                process_alloc_event
 .text.process_init
                0x0000523c       0x34 contiki-srf06-cc26xx.a(process.o)
                0x0000523c                process_init
 .text.process_run
                0x00005270       0xd8 contiki-srf06-cc26xx.a(process.o)
                0x00005270                process_run
 .text.process_nevents
                0x00005348       0x14 contiki-srf06-cc26xx.a(process.o)
                0x00005348                process_nevents
 .text.process_post
                0x0000535c       0x50 contiki-srf06-cc26xx.a(process.o)
                0x0000535c                process_post
 .text.process_post_synch
                0x000053ac       0x18 contiki-srf06-cc26xx.a(process.o)
                0x000053ac                process_post_synch
 .text.process_start
                0x000053c4       0x40 contiki-srf06-cc26xx.a(process.o)
                0x000053c4                process_start
 .text.process_poll
                0x00005404       0x18 contiki-srf06-cc26xx.a(process.o)
                0x00005404                process_poll
 .text.rtimer_init
                0x0000541c        0x4 contiki-srf06-cc26xx.a(rtimer.o)
                0x0000541c                rtimer_init
 .text.rtimer_set
                0x00005420       0x2c contiki-srf06-cc26xx.a(rtimer.o)
                0x00005420                rtimer_set
 .text.rtimer_run_next
                0x0000544c       0x28 contiki-srf06-cc26xx.a(rtimer.o)
                0x0000544c                rtimer_run_next
 .text.timer_set
                0x00005474       0x10 contiki-srf06-cc26xx.a(timer.o)
                0x00005474                timer_set
 .text.timer_reset
                0x00005484        0xc contiki-srf06-cc26xx.a(timer.o)
                0x00005484                timer_reset
 .text.timer_restart
                0x00005490        0xc contiki-srf06-cc26xx.a(timer.o)
                0x00005490                timer_restart
 .text.timer_expired
                0x0000549c       0x1c contiki-srf06-cc26xx.a(timer.o)
                0x0000549c                timer_expired
 .text.process_thread_serial_line_process
                0x000054b8       0xac contiki-srf06-cc26xx.a(serial-line.o)
 .text.serial_line_init
                0x00005564       0x24 contiki-srf06-cc26xx.a(serial-line.o)
                0x00005564                serial_line_init
 .text.list_init
                0x00005588        0x8 contiki-srf06-cc26xx.a(list.o)
                0x00005588                list_init
 .text.list_head
                0x00005590        0x4 contiki-srf06-cc26xx.a(list.o)
                0x00005590                list_head
 .text.list_tail
                0x00005594       0x14 contiki-srf06-cc26xx.a(list.o)
                0x00005594                list_tail
 .text.list_add
                0x000055a8       0x48 contiki-srf06-cc26xx.a(list.o)
                0x000055a8                list_add
 .text.list_push
                0x000055f0       0x40 contiki-srf06-cc26xx.a(list.o)
                0x000055f0                list_push
 .text.list_remove
                0x00005630       0x2c contiki-srf06-cc26xx.a(list.o)
                0x00005630                list_remove
 .text.list_length
                0x0000565c       0x14 contiki-srf06-cc26xx.a(list.o)
                0x0000565c                list_length
 .text.list_item_next
                0x00005670        0x8 contiki-srf06-cc26xx.a(list.o)
                0x00005670                list_item_next
 .text.random_init
                0x00005678        0x4 contiki-srf06-cc26xx.a(random.o)
                0x00005678                random_init
 .text.random_rand
                0x0000567c        0xc contiki-srf06-cc26xx.a(random.o)
                0x0000567c                random_rand
 .text.ringbuf_init
                0x00005688       0x10 contiki-srf06-cc26xx.a(ringbuf.o)
                0x00005688                ringbuf_init
 .text.ringbuf_get
                0x00005698       0x28 contiki-srf06-cc26xx.a(ringbuf.o)
                0x00005698                ringbuf_get
 .text.sicslowpan_init
                0x000056c0       0x24 contiki-srf06-cc26xx.a(sicslowpan.o)
                0x000056c0                sicslowpan_init
 .text.set_packet_attrs
                0x000056e4       0x4c contiki-srf06-cc26xx.a(sicslowpan.o)
 .text.compress_addr_64
                0x00005730       0x9c contiki-srf06-cc26xx.a(sicslowpan.o)
 .text.addr_context_lookup_by_prefix
                0x000057cc       0x28 contiki-srf06-cc26xx.a(sicslowpan.o)
 .text.send_packet
                0x000057f4       0x24 contiki-srf06-cc26xx.a(sicslowpan.o)
 .text.packet_sent
                0x00005818       0x28 contiki-srf06-cc26xx.a(sicslowpan.o)
 .text.uncompress_addr
                0x00005840       0xb8 contiki-srf06-cc26xx.a(sicslowpan.o)
 .text.input    0x000058f8      0x70c contiki-srf06-cc26xx.a(sicslowpan.o)
 .text.output   0x00006004      0x740 contiki-srf06-cc26xx.a(sicslowpan.o)
 .text.chksum   0x00006744       0x50 contiki-srf06-cc26xx.a(uip6.o)
 .text.upper_layer_chksum
                0x00006794       0x58 contiki-srf06-cc26xx.a(uip6.o)
 .text.ext_hdr_options_process
                0x000067ec       0xc8 contiki-srf06-cc26xx.a(uip6.o)
 .text.uip_add32
                0x000068b4       0x58 contiki-srf06-cc26xx.a(uip6.o)
                0x000068b4                uip_add32
 .text.unlikely.uip_add_rcv_nxt
                0x0000690c       0x2c contiki-srf06-cc26xx.a(uip6.o)
 .text.uip_icmp6chksum
                0x00006938        0x8 contiki-srf06-cc26xx.a(uip6.o)
                0x00006938                uip_icmp6chksum
 .text.uip_init
                0x00006940       0x64 contiki-srf06-cc26xx.a(uip6.o)
                0x00006940                uip_init
 .text.remove_ext_hdr
                0x000069a4       0x60 contiki-srf06-cc26xx.a(uip6.o)
                0x000069a4                remove_ext_hdr
 .text.uip_udp_new
                0x00006a04       0xd4 contiki-srf06-cc26xx.a(uip6.o)
                0x00006a04                uip_udp_new
 .text.uip_unlisten
                0x00006ad8       0x44 contiki-srf06-cc26xx.a(uip6.o)
                0x00006ad8                uip_unlisten
 .text.uip_process
                0x00006b1c     0x119c contiki-srf06-cc26xx.a(uip6.o)
                0x00006b1c                uip_process
 .text.uip_htonl
                0x00007cb8       0x14 contiki-srf06-cc26xx.a(uip6.o)
                0x00007cb8                uip_htonl
 .text.uip_ds6_list_loop
                0x00007ccc       0x60 contiki-srf06-cc26xx.a(uip-ds6.o)
                0x00007ccc                uip_ds6_list_loop
 .text.uip_ds6_prefix_add
                0x00007d2c       0x6c contiki-srf06-cc26xx.a(uip-ds6.o)
                0x00007d2c                uip_ds6_prefix_add
 .text.uip_ds6_is_addr_onlink
                0x00007d98       0x3c contiki-srf06-cc26xx.a(uip-ds6.o)
                0x00007d98                uip_ds6_is_addr_onlink
 .text.uip_ds6_addr_lookup
                0x00007dd4       0x30 contiki-srf06-cc26xx.a(uip-ds6.o)
                0x00007dd4                uip_ds6_addr_lookup
 .text.uip_ds6_get_link_local
                0x00007e04       0x44 contiki-srf06-cc26xx.a(uip-ds6.o)
                0x00007e04                uip_ds6_get_link_local
 .text.uip_ds6_maddr_add
                0x00007e48       0x50 contiki-srf06-cc26xx.a(uip-ds6.o)
                0x00007e48                uip_ds6_maddr_add
 .text.uip_ds6_addr_add
                0x00007e98       0xa8 contiki-srf06-cc26xx.a(uip-ds6.o)
                0x00007e98                uip_ds6_addr_add
 .text.uip_ds6_maddr_lookup
                0x00007f40       0x30 contiki-srf06-cc26xx.a(uip-ds6.o)
                0x00007f40                uip_ds6_maddr_lookup
 .text.uip_ds6_addr_rm
                0x00007f70       0x48 contiki-srf06-cc26xx.a(uip-ds6.o)
                0x00007f70                uip_ds6_addr_rm
 .text.uip_ds6_periodic
                0x00007fb8       0x60 contiki-srf06-cc26xx.a(uip-ds6.o)
                0x00007fb8                uip_ds6_periodic
 .text.uip_ds6_select_src
                0x00008018       0xf4 contiki-srf06-cc26xx.a(uip-ds6.o)
                0x00008018                uip_ds6_select_src
 .text.uip_ds6_set_addr_iid
                0x0000810c       0x14 contiki-srf06-cc26xx.a(uip-ds6.o)
                0x0000810c                uip_ds6_set_addr_iid
 .text.uip_ds6_compute_reachable_time
                0x00008120       0x28 contiki-srf06-cc26xx.a(uip-ds6.o)
                0x00008120                uip_ds6_compute_reachable_time
 .text.uip_ds6_init
                0x00008148       0xf8 contiki-srf06-cc26xx.a(uip-ds6.o)
                0x00008148                uip_ds6_init
 .text.uip_ds6_nbr_rm
                0x00008240       0x20 contiki-srf06-cc26xx.a(uip-ds6-nbr.o)
                0x00008240                uip_ds6_nbr_rm
 .text.uip_ds6_neighbors_init
                0x00008260       0x14 contiki-srf06-cc26xx.a(uip-ds6-nbr.o)
                0x00008260                uip_ds6_neighbors_init
 .text.uip_ds6_nbr_add
                0x00008274       0x54 contiki-srf06-cc26xx.a(uip-ds6-nbr.o)
                0x00008274                uip_ds6_nbr_add
 .text.uip_ds6_nbr_get_ll
                0x000082c8       0x10 contiki-srf06-cc26xx.a(uip-ds6-nbr.o)
                0x000082c8                uip_ds6_nbr_get_ll
 .text.uip_ds6_nbr_lookup
                0x000082d8       0x3c contiki-srf06-cc26xx.a(uip-ds6-nbr.o)
                0x000082d8                uip_ds6_nbr_lookup
 .text.uip_ds6_nbr_ipaddr_from_lladdr
                0x00008314       0x10 contiki-srf06-cc26xx.a(uip-ds6-nbr.o)
                0x00008314                uip_ds6_nbr_ipaddr_from_lladdr
 .text.uip_ds6_nbr_lladdr_from_ipaddr
                0x00008324       0x1c contiki-srf06-cc26xx.a(uip-ds6-nbr.o)
                0x00008324                uip_ds6_nbr_lladdr_from_ipaddr
 .text.uip_ds6_link_neighbor_callback
                0x00008340       0x2c contiki-srf06-cc26xx.a(uip-ds6-nbr.o)
                0x00008340                uip_ds6_link_neighbor_callback
 .text.uip_ds6_neighbor_periodic
                0x0000836c       0x70 contiki-srf06-cc26xx.a(uip-ds6-nbr.o)
                0x0000836c                uip_ds6_neighbor_periodic
 .text.call_route_callback
                0x000083dc       0x50 contiki-srf06-cc26xx.a(uip-ds6-route.o)
 .text.uip_ds6_route_init
                0x0000842c       0x48 contiki-srf06-cc26xx.a(uip-ds6-route.o)
                0x0000842c                uip_ds6_route_init
 .text.uip_ds6_route_nexthop
                0x00008474       0x1c contiki-srf06-cc26xx.a(uip-ds6-route.o)
                0x00008474                uip_ds6_route_nexthop
 .text.uip_ds6_route_head
                0x00008490        0xc contiki-srf06-cc26xx.a(uip-ds6-route.o)
                0x00008490                uip_ds6_route_head
 .text.uip_ds6_route_next
                0x0000849c        0x8 contiki-srf06-cc26xx.a(uip-ds6-route.o)
                0x0000849c                uip_ds6_route_next
 .text.uip_ds6_route_lookup
                0x000084a4       0x78 contiki-srf06-cc26xx.a(uip-ds6-route.o)
                0x000084a4                uip_ds6_route_lookup
 .text.uip_ds6_route_rm
                0x0000851c       0xa8 contiki-srf06-cc26xx.a(uip-ds6-route.o)
                0x0000851c                uip_ds6_route_rm
 .text.rm_routelist
                0x000085c4       0x34 contiki-srf06-cc26xx.a(uip-ds6-route.o)
 .text.rm_routelist_callback
                0x000085f8        0x4 contiki-srf06-cc26xx.a(uip-ds6-route.o)
 .text.uip_ds6_route_add
                0x000085fc      0x128 contiki-srf06-cc26xx.a(uip-ds6-route.o)
                0x000085fc                uip_ds6_route_add
 .text.uip_ds6_defrt_rm
                0x00008724       0x48 contiki-srf06-cc26xx.a(uip-ds6-route.o)
                0x00008724                uip_ds6_defrt_rm
 .text.uip_ds6_defrt_lookup
                0x0000876c       0x34 contiki-srf06-cc26xx.a(uip-ds6-route.o)
                0x0000876c                uip_ds6_defrt_lookup
 .text.uip_ds6_defrt_add
                0x000087a0       0x5c contiki-srf06-cc26xx.a(uip-ds6-route.o)
                0x000087a0                uip_ds6_defrt_add
 .text.uip_ds6_defrt_choose
                0x000087fc       0x34 contiki-srf06-cc26xx.a(uip-ds6-route.o)
                0x000087fc                uip_ds6_defrt_choose
 .text.uip_ds6_defrt_periodic
                0x00008830       0x3c contiki-srf06-cc26xx.a(uip-ds6-route.o)
                0x00008830                uip_ds6_defrt_periodic
 .text.echo_reply_input
                0x0000886c      0x110 contiki-srf06-cc26xx.a(uip-icmp6.o)
 .text.echo_request_input
                0x0000897c      0x118 contiki-srf06-cc26xx.a(uip-icmp6.o)
 .text.uip_icmp6_input
                0x00008a94       0x3c contiki-srf06-cc26xx.a(uip-icmp6.o)
                0x00008a94                uip_icmp6_input
 .text.uip_icmp6_register_input_handler
                0x00008ad0        0xc contiki-srf06-cc26xx.a(uip-icmp6.o)
                0x00008ad0                uip_icmp6_register_input_handler
 .text.uip_icmp6_error_output
                0x00008adc      0x158 contiki-srf06-cc26xx.a(uip-icmp6.o)
                0x00008adc                uip_icmp6_error_output
 .text.uip_icmp6_send
                0x00008c34       0x84 contiki-srf06-cc26xx.a(uip-icmp6.o)
                0x00008c34                uip_icmp6_send
 .text.uip_icmp6_init
                0x00008cb8       0x24 contiki-srf06-cc26xx.a(uip-icmp6.o)
                0x00008cb8                uip_icmp6_init
 .text.uip_nd6_init
                0x00008cdc        0x4 contiki-srf06-cc26xx.a(uip-nd6.o)
                0x00008cdc                uip_nd6_init
 .text.process_thread_simple_udp_process
                0x00008ce0       0xac contiki-srf06-cc26xx.a(simple-udp.o)
 .text.simple_udp_sendto
                0x00008d8c       0x1c contiki-srf06-cc26xx.a(simple-udp.o)
                0x00008d8c                simple_udp_sendto
 .text.simple_udp_register
                0x00008da8       0x74 contiki-srf06-cc26xx.a(simple-udp.o)
                0x00008da8                simple_udp_register
 .text.start_periodic_tcp_timer
                0x00008e1c       0x1c contiki-srf06-cc26xx.a(tcpip.o)
 .text.tcpip_set_outputfunc
                0x00008e38        0xc contiki-srf06-cc26xx.a(tcpip.o)
                0x00008e38                tcpip_set_outputfunc
 .text.udp_new  0x00008e44       0x18 contiki-srf06-cc26xx.a(tcpip.o)
                0x00008e44                udp_new
 .text.tcpip_icmp6_call
                0x00008e5c       0x28 contiki-srf06-cc26xx.a(tcpip.o)
                0x00008e5c                tcpip_icmp6_call
 .text.tcpip_input
                0x00008e84       0x24 contiki-srf06-cc26xx.a(tcpip.o)
                0x00008e84                tcpip_input
 .text.tcpip_ipv6_output
                0x00008ea8       0xc8 contiki-srf06-cc26xx.a(tcpip.o)
                0x00008ea8                tcpip_ipv6_output
 .text.process_thread_tcpip_process
                0x00008f70      0x208 contiki-srf06-cc26xx.a(tcpip.o)
 .text.tcpip_uipcall
                0x00009178       0x90 contiki-srf06-cc26xx.a(tcpip.o)
                0x00009178                tcpip_uipcall
 .text.uip_debug_ipaddr_print
                0x00009208       0xb0 contiki-srf06-cc26xx.a(uip-debug.o)
                0x00009208                uip_debug_ipaddr_print
 .text.uip_udp_packet_send
                0x000092b8       0x44 contiki-srf06-cc26xx.a(uip-udp-packet.)
                0x000092b8                uip_udp_packet_send
 .text.uip_udp_packet_sendto
                0x000092fc       0x48 contiki-srf06-cc26xx.a(uip-udp-packet.)
                0x000092fc                uip_udp_packet_sendto
 .text.rpl_get_mode
                0x00009344        0xc contiki-srf06-cc26xx.a(rpl.o)
                0x00009344                rpl_get_mode
 .text.rpl_purge_routes
                0x00009350       0x7c contiki-srf06-cc26xx.a(rpl.o)
                0x00009350                rpl_purge_routes
 .text.rpl_remove_routes
                0x000093cc       0x24 contiki-srf06-cc26xx.a(rpl.o)
                0x000093cc                rpl_remove_routes
 .text.rpl_remove_routes_by_nexthop
                0x000093f0       0x40 contiki-srf06-cc26xx.a(rpl.o)
                0x000093f0                rpl_remove_routes_by_nexthop
 .text.rpl_add_route
                0x00009430       0x2c contiki-srf06-cc26xx.a(rpl.o)
                0x00009430                rpl_add_route
 .text.rpl_link_neighbor_callback
                0x0000945c       0x78 contiki-srf06-cc26xx.a(rpl.o)
                0x0000945c                rpl_link_neighbor_callback
 .text.rpl_ipv6_neighbor_callback
                0x000094d4       0x30 contiki-srf06-cc26xx.a(rpl.o)
                0x000094d4                rpl_ipv6_neighbor_callback
 .text.rpl_purge_dags
                0x00009504       0x40 contiki-srf06-cc26xx.a(rpl.o)
                0x00009504                rpl_purge_dags
 .text.rpl_init
                0x00009544       0x58 contiki-srf06-cc26xx.a(rpl.o)
                0x00009544                rpl_init
 .text.lollipop_greater_than
                0x0000959c       0x3c contiki-srf06-cc26xx.a(rpl-dag.o)
 .text.rpl_set_preferred_parent
                0x000095d8       0x2c contiki-srf06-cc26xx.a(rpl-dag.o)
 .text.set_ip_from_prefix
                0x00009604       0x2c contiki-srf06-cc26xx.a(rpl-dag.o)
 .text.check_prefix
                0x00009630       0x78 contiki-srf06-cc26xx.a(rpl-dag.o)
 .text.find_parent_any_dag_any_instance
                0x000096a8       0x1c contiki-srf06-cc26xx.a(rpl-dag.o)
 .text.rpl_get_nbr
                0x000096c4       0x28 contiki-srf06-cc26xx.a(rpl-dag.o)
                0x000096c4                rpl_get_nbr
 .text.rpl_dag_init
                0x000096ec       0x14 contiki-srf06-cc26xx.a(rpl-dag.o)
                0x000096ec                rpl_dag_init
 .text.rpl_get_parent
                0x00009700       0x10 contiki-srf06-cc26xx.a(rpl-dag.o)
                0x00009700                rpl_get_parent
 .text.rpl_get_parent_ipaddr
                0x00009710       0x18 contiki-srf06-cc26xx.a(rpl-dag.o)
                0x00009710                rpl_get_parent_ipaddr
 .text.rpl_repair_root
                0x00009728       0x5c contiki-srf06-cc26xx.a(rpl-dag.o)
                0x00009728                rpl_repair_root
 .text.rpl_set_prefix
                0x00009784       0x98 contiki-srf06-cc26xx.a(rpl-dag.o)
                0x00009784                rpl_set_prefix
 .text.rpl_set_default_route
                0x0000981c       0x3c contiki-srf06-cc26xx.a(rpl-dag.o)
                0x0000981c                rpl_set_default_route
 .text.rpl_alloc_instance
                0x00009858       0x34 contiki-srf06-cc26xx.a(rpl-dag.o)
                0x00009858                rpl_alloc_instance
 .text.rpl_alloc_dag
                0x0000988c       0x5c contiki-srf06-cc26xx.a(rpl-dag.o)
                0x0000988c                rpl_alloc_dag
 .text.rpl_add_parent
                0x000098e8       0x44 contiki-srf06-cc26xx.a(rpl-dag.o)
                0x000098e8                rpl_add_parent
 .text.rpl_find_parent
                0x0000992c       0x18 contiki-srf06-cc26xx.a(rpl-dag.o)
                0x0000992c                rpl_find_parent
 .text.rpl_find_parent_any_dag
                0x00009944       0x20 contiki-srf06-cc26xx.a(rpl-dag.o)
                0x00009944                rpl_find_parent_any_dag
 .text.rpl_select_parent
                0x00009964       0x84 contiki-srf06-cc26xx.a(rpl-dag.o)
                0x00009964                rpl_select_parent
 .text.rpl_select_dag
                0x000099e8      0x17c contiki-srf06-cc26xx.a(rpl-dag.o)
                0x000099e8                rpl_select_dag
 .text.rpl_nullify_parent
                0x00009b64       0x4c contiki-srf06-cc26xx.a(rpl-dag.o)
                0x00009b64                rpl_nullify_parent
 .text.rpl_remove_parent
                0x00009bb0       0x1c contiki-srf06-cc26xx.a(rpl-dag.o)
                0x00009bb0                rpl_remove_parent
 .text.nbr_callback
                0x00009bcc        0x4 contiki-srf06-cc26xx.a(rpl-dag.o)
 .text.remove_parents.constprop.5
                0x00009bd0       0x44 contiki-srf06-cc26xx.a(rpl-dag.o)
 .text.rpl_free_dag
                0x00009c14       0x38 contiki-srf06-cc26xx.a(rpl-dag.o)
                0x00009c14                rpl_free_dag
 .text.rpl_move_parent
                0x00009c4c       0x4c contiki-srf06-cc26xx.a(rpl-dag.o)
                0x00009c4c                rpl_move_parent
 .text.rpl_get_any_dag
                0x00009c98       0x18 contiki-srf06-cc26xx.a(rpl-dag.o)
                0x00009c98                rpl_get_any_dag
 .text.rpl_get_instance
                0x00009cb0       0x20 contiki-srf06-cc26xx.a(rpl-dag.o)
                0x00009cb0                rpl_get_instance
 .text.rpl_join_instance
                0x00009cd0      0x144 contiki-srf06-cc26xx.a(rpl-dag.o)
                0x00009cd0                rpl_join_instance
 .text.rpl_local_repair
                0x00009e14       0x68 contiki-srf06-cc26xx.a(rpl-dag.o)
                0x00009e14                rpl_local_repair
 .text.rpl_process_parent_event
                0x00009e7c       0x60 contiki-srf06-cc26xx.a(rpl-dag.o)
                0x00009e7c                rpl_process_parent_event
 .text.rpl_add_dag
                0x00009edc      0x150 contiki-srf06-cc26xx.a(rpl-dag.o)
                0x00009edc                rpl_add_dag
 .text.rpl_recalculate_ranks
                0x0000a02c       0x50 contiki-srf06-cc26xx.a(rpl-dag.o)
                0x0000a02c                rpl_recalculate_ranks
 .text.rpl_process_dio
                0x0000a07c      0x318 contiki-srf06-cc26xx.a(rpl-dag.o)
                0x0000a07c                rpl_process_dio
 .text.rpl_verify_header
                0x0000a394      0x104 contiki-srf06-cc26xx.a(rpl-ext-header.)
                0x0000a394                rpl_verify_header
 .text.rpl_update_header_empty
                0x0000a498      0x12c contiki-srf06-cc26xx.a(rpl-ext-header.)
                0x0000a498                rpl_update_header_empty
 .text.rpl_update_header_final
                0x0000a5c4       0x88 contiki-srf06-cc26xx.a(rpl-ext-header.)
                0x0000a5c4                rpl_update_header_final
 .text.rpl_invert_header
                0x0000a64c       0x68 contiki-srf06-cc26xx.a(rpl-ext-header.)
                0x0000a64c                rpl_invert_header
 .text.rpl_insert_header
                0x0000a6b4       0x1c contiki-srf06-cc26xx.a(rpl-ext-header.)
                0x0000a6b4                rpl_insert_header
 .text.get32    0x0000a6d0       0x20 contiki-srf06-cc26xx.a(rpl-icmp6.o)
 .text.dao_ack_input
                0x0000a6f0       0x14 contiki-srf06-cc26xx.a(rpl-icmp6.o)
 .text.dio_input
                0x0000a704      0x2b8 contiki-srf06-cc26xx.a(rpl-icmp6.o)
 .text.dis_output
                0x0000a9bc       0x58 contiki-srf06-cc26xx.a(rpl-icmp6.o)
                0x0000a9bc                dis_output
 .text.dio_output
                0x0000aa14      0x2dc contiki-srf06-cc26xx.a(rpl-icmp6.o)
                0x0000aa14                dio_output
 .text.dis_input
                0x0000acf0       0x40 contiki-srf06-cc26xx.a(rpl-icmp6.o)
 .text.dao_output_target
                0x0000ad30      0x104 contiki-srf06-cc26xx.a(rpl-icmp6.o)
                0x0000ad30                dao_output_target
 .text.dao_output
                0x0000ae34       0x58 contiki-srf06-cc26xx.a(rpl-icmp6.o)
                0x0000ae34                dao_output
 .text.dao_ack_output
                0x0000ae8c       0x30 contiki-srf06-cc26xx.a(rpl-icmp6.o)
                0x0000ae8c                dao_ack_output
 .text.dao_input
                0x0000aebc      0x218 contiki-srf06-cc26xx.a(rpl-icmp6.o)
 .text.rpl_icmp6_register_handlers
                0x0000b0d4       0x30 contiki-srf06-cc26xx.a(rpl-icmp6.o)
                0x0000b0d4                rpl_icmp6_register_handlers
 .text.reset    0x0000b104        0x4 contiki-srf06-cc26xx.a(rpl-mrhof.o)
 .text.update_metric_container
                0x0000b108        0x8 contiki-srf06-cc26xx.a(rpl-mrhof.o)
 .text.calculate_rank
                0x0000b110       0x44 contiki-srf06-cc26xx.a(rpl-mrhof.o)
 .text.neighbor_link_callback
                0x0000b154       0x54 contiki-srf06-cc26xx.a(rpl-mrhof.o)
 .text.best_dag
                0x0000b1a8       0x2c contiki-srf06-cc26xx.a(rpl-mrhof.o)
 .text.best_parent
                0x0000b1d4       0x60 contiki-srf06-cc26xx.a(rpl-mrhof.o)
 .text.new_dio_interval
                0x0000b234       0x60 contiki-srf06-cc26xx.a(rpl-timers.o)
 .text.handle_periodic_timer
                0x0000b294       0x3c contiki-srf06-cc26xx.a(rpl-timers.o)
 .text.set_dao_lifetime_timer
                0x0000b2d0       0x3c contiki-srf06-cc26xx.a(rpl-timers.o)
 .text.handle_unicast_dio_timer
                0x0000b30c       0x1c contiki-srf06-cc26xx.a(rpl-timers.o)
 .text.handle_dio_timer
                0x0000b328       0x8c contiki-srf06-cc26xx.a(rpl-timers.o)
 .text.schedule_dao
                0x0000b3b4       0x54 contiki-srf06-cc26xx.a(rpl-timers.o)
 .text.handle_dao_timer
                0x0000b408       0x5c contiki-srf06-cc26xx.a(rpl-timers.o)
 .text.rpl_reset_periodic_timer
                0x0000b464       0x3c contiki-srf06-cc26xx.a(rpl-timers.o)
                0x0000b464                rpl_reset_periodic_timer
 .text.rpl_reset_dio_timer
                0x0000b4a0       0x1c contiki-srf06-cc26xx.a(rpl-timers.o)
                0x0000b4a0                rpl_reset_dio_timer
 .text.rpl_schedule_dao
                0x0000b4bc        0x8 contiki-srf06-cc26xx.a(rpl-timers.o)
                0x0000b4bc                rpl_schedule_dao
 .text.rpl_schedule_unicast_dio_immediately
                0x0000b4c4       0x14 contiki-srf06-cc26xx.a(rpl-timers.o)
                0x0000b4c4                rpl_schedule_unicast_dio_immediately
 .text.rpl_schedule_probing
                0x0000b4d8       0x38 contiki-srf06-cc26xx.a(rpl-timers.o)
                0x0000b4d8                rpl_schedule_probing
 .text.handle_probing_timer
                0x0000b510       0xdc contiki-srf06-cc26xx.a(rpl-timers.o)
 .text.AONBatMonTemperatureGetDegC
                0x0000b5ec       0x30 contiki-srf06-cc26xx.a(aon_batmon.o)
                0x0000b5ec                AONBatMonTemperatureGetDegC
 .text.NOROM_AONRTCCurrentCompareValueGet
                0x0000b61c       0x24 contiki-srf06-cc26xx.a(aon_rtc.o)
                0x0000b61c                NOROM_AONRTCCurrentCompareValueGet
 .text.NOROM_CPUcpsid
                0x0000b640        0x8 contiki-srf06-cc26xx.a(cpu.o)
                0x0000b640                NOROM_CPUcpsid
 .text.NOROM_CPUcpsie
                0x0000b648        0x8 contiki-srf06-cc26xx.a(cpu.o)
                0x0000b648                NOROM_CPUcpsie
 .text.NOROM_CPUdelay
                0x0000b650        0x8 contiki-srf06-cc26xx.a(cpu.o)
                0x0000b650                NOROM_CPUdelay
 .text.NOROM_DDI16BitfieldWrite
                0x0000b658       0x4c contiki-srf06-cc26xx.a(ddi.o)
                0x0000b658                NOROM_DDI16BitfieldWrite
 .text.NOROM_DDI16BitfieldRead
                0x0000b6a4       0x48 contiki-srf06-cc26xx.a(ddi.o)
                0x0000b6a4                NOROM_DDI16BitfieldRead
 .text.NOROM_OSCClockSourceSet
                0x0000b6ec       0x50 contiki-srf06-cc26xx.a(osc.o)
                0x0000b6ec                NOROM_OSCClockSourceSet
 .text.NOROM_OSCClockSourceGet
                0x0000b73c       0x24 contiki-srf06-cc26xx.a(osc.o)
                0x0000b73c                NOROM_OSCClockSourceGet
 .text.NOROM_OSCInterfaceEnable
                0x0000b760       0x34 contiki-srf06-cc26xx.a(osc.o)
                0x0000b760                NOROM_OSCInterfaceEnable
 .text.NOROM_PowerCtrlSourceSet
                0x0000b794       0x30 contiki-srf06-cc26xx.a(pwr_ctrl.o)
                0x0000b794                NOROM_PowerCtrlSourceSet
 .text.HapiTrimDeviceShutDown
                0x0000b7c4      0x4f4 contiki-srf06-cc26xx.a(setup.o)
 .text.trimDevice
                0x0000bcb8       0xfc contiki-srf06-cc26xx.a(setup.o)
                0x0000bcb8                trimDevice
 .text.SysCtrlSetRechargeBeforePowerDown
                0x0000bdb4      0x1e8 contiki-srf06-cc26xx.a(sys_ctrl.o)
                0x0000bdb4                SysCtrlSetRechargeBeforePowerDown
 .text.SysCtrlAdjustRechargeAfterPowerDown
                0x0000bf9c       0x64 contiki-srf06-cc26xx.a(sys_ctrl.o)
                0x0000bf9c                SysCtrlAdjustRechargeAfterPowerDown
 .text.SysCtrl_DCDC_VoltageConditionalControl
                0x0000c000       0x78 contiki-srf06-cc26xx.a(sys_ctrl.o)
                0x0000c000                SysCtrl_DCDC_VoltageConditionalControl
 .text.linkaddr_copy
                0x0000c078        0xc contiki-srf06-cc26xx.a(linkaddr.o)
                0x0000c078                linkaddr_copy
 .text.linkaddr_cmp
                0x0000c084       0x10 contiki-srf06-cc26xx.a(linkaddr.o)
                0x0000c084                linkaddr_cmp
 .text.nbr_set_bit
                0x0000c094       0x4c contiki-srf06-cc26xx.a(nbr-table.o)
 .text.index_from_lladdr
                0x0000c0e0       0x50 contiki-srf06-cc26xx.a(nbr-table.o)
 .text.nbr_get_bit.constprop.0
                0x0000c130       0x2c contiki-srf06-cc26xx.a(nbr-table.o)
 .text.nbr_table_register
                0x0000c15c       0x2c contiki-srf06-cc26xx.a(nbr-table.o)
                0x0000c15c                nbr_table_register
 .text.nbr_table_next
                0x0000c188       0x70 contiki-srf06-cc26xx.a(nbr-table.o)
                0x0000c188                nbr_table_next
 .text.nbr_table_head
                0x0000c1f8       0x58 contiki-srf06-cc26xx.a(nbr-table.o)
                0x0000c1f8                nbr_table_head
 .text.nbr_table_add_lladdr
                0x0000c250      0x190 contiki-srf06-cc26xx.a(nbr-table.o)
                0x0000c250                nbr_table_add_lladdr
 .text.nbr_table_get_from_lladdr
                0x0000c3e0       0x34 contiki-srf06-cc26xx.a(nbr-table.o)
                0x0000c3e0                nbr_table_get_from_lladdr
 .text.nbr_table_remove
                0x0000c414       0x2c contiki-srf06-cc26xx.a(nbr-table.o)
                0x0000c414                nbr_table_remove
 .text.nbr_table_lock
                0x0000c440       0x14 contiki-srf06-cc26xx.a(nbr-table.o)
                0x0000c440                nbr_table_lock
 .text.nbr_table_unlock
                0x0000c454       0x14 contiki-srf06-cc26xx.a(nbr-table.o)
                0x0000c454                nbr_table_unlock
 .text.nbr_table_get_lladdr
                0x0000c468       0x30 contiki-srf06-cc26xx.a(nbr-table.o)
                0x0000c468                nbr_table_get_lladdr
 .text.netstack_init
                0x0000c498       0x30 contiki-srf06-cc26xx.a(netstack.o)
                0x0000c498                netstack_init
 .text.packetbuf_copyto
                0x0000c4c8       0x50 contiki-srf06-cc26xx.a(packetbuf.o)
                0x0000c4c8                packetbuf_copyto
 .text.packetbuf_hdralloc
                0x0000c518       0x48 contiki-srf06-cc26xx.a(packetbuf.o)
                0x0000c518                packetbuf_hdralloc
 .text.packetbuf_hdrreduce
                0x0000c560       0x2c contiki-srf06-cc26xx.a(packetbuf.o)
                0x0000c560                packetbuf_hdrreduce
 .text.packetbuf_set_datalen
                0x0000c58c        0xc contiki-srf06-cc26xx.a(packetbuf.o)
                0x0000c58c                packetbuf_set_datalen
 .text.packetbuf_dataptr
                0x0000c598       0x14 contiki-srf06-cc26xx.a(packetbuf.o)
                0x0000c598                packetbuf_dataptr
 .text.packetbuf_hdrptr
                0x0000c5ac       0x14 contiki-srf06-cc26xx.a(packetbuf.o)
                0x0000c5ac                packetbuf_hdrptr
 .text.packetbuf_datalen
                0x0000c5c0        0xc contiki-srf06-cc26xx.a(packetbuf.o)
                0x0000c5c0                packetbuf_datalen
 .text.packetbuf_totlen
                0x0000c5cc       0x28 contiki-srf06-cc26xx.a(packetbuf.o)
                0x0000c5cc                packetbuf_totlen
 .text.packetbuf_attr_clear
                0x0000c5f4       0x38 contiki-srf06-cc26xx.a(packetbuf.o)
                0x0000c5f4                packetbuf_attr_clear
 .text.packetbuf_clear
                0x0000c62c       0x34 contiki-srf06-cc26xx.a(packetbuf.o)
                0x0000c62c                packetbuf_clear
 .text.packetbuf_copyfrom
                0x0000c660       0x2c contiki-srf06-cc26xx.a(packetbuf.o)
                0x0000c660                packetbuf_copyfrom
 .text.packetbuf_attr_copyto
                0x0000c68c       0x44 contiki-srf06-cc26xx.a(packetbuf.o)
                0x0000c68c                packetbuf_attr_copyto
 .text.packetbuf_attr_copyfrom
                0x0000c6d0       0x44 contiki-srf06-cc26xx.a(packetbuf.o)
                0x0000c6d0                packetbuf_attr_copyfrom
 .text.packetbuf_set_attr
                0x0000c714       0x10 contiki-srf06-cc26xx.a(packetbuf.o)
                0x0000c714                packetbuf_set_attr
 .text.packetbuf_attr
                0x0000c724        0xc contiki-srf06-cc26xx.a(packetbuf.o)
                0x0000c724                packetbuf_attr
 .text.packetbuf_set_addr
                0x0000c730       0x18 contiki-srf06-cc26xx.a(packetbuf.o)
                0x0000c730                packetbuf_set_addr
 .text.packetbuf_addr
                0x0000c748       0x10 contiki-srf06-cc26xx.a(packetbuf.o)
                0x0000c748                packetbuf_addr
 .text.packetbuf_holds_broadcast
                0x0000c758       0x10 contiki-srf06-cc26xx.a(packetbuf.o)
                0x0000c758                packetbuf_holds_broadcast
 .text.queuebuf_init
                0x0000c768       0x1c contiki-srf06-cc26xx.a(queuebuf.o)
                0x0000c768                queuebuf_init
 .text.queuebuf_numfree
                0x0000c784        0xc contiki-srf06-cc26xx.a(queuebuf.o)
                0x0000c784                queuebuf_numfree
 .text.queuebuf_new_from_packetbuf
                0x0000c790       0x48 contiki-srf06-cc26xx.a(queuebuf.o)
                0x0000c790                queuebuf_new_from_packetbuf
 .text.queuebuf_update_attr_from_packetbuf
                0x0000c7d8        0xc contiki-srf06-cc26xx.a(queuebuf.o)
                0x0000c7d8                queuebuf_update_attr_from_packetbuf
 .text.queuebuf_update_from_packetbuf
                0x0000c7e4       0x1c contiki-srf06-cc26xx.a(queuebuf.o)
                0x0000c7e4                queuebuf_update_from_packetbuf
 .text.queuebuf_free
                0x0000c800       0x2c contiki-srf06-cc26xx.a(queuebuf.o)
                0x0000c800                queuebuf_free
 .text.queuebuf_to_packetbuf
                0x0000c82c       0x30 contiki-srf06-cc26xx.a(queuebuf.o)
                0x0000c82c                queuebuf_to_packetbuf
 .text.queuebuf_attr
                0x0000c85c        0xc contiki-srf06-cc26xx.a(queuebuf.o)
                0x0000c85c                queuebuf_attr
 .text.input_packet
                0x0000c868        0xc contiki-srf06-cc26xx.a(csma.o)
 .text.on       0x0000c874        0xc contiki-srf06-cc26xx.a(csma.o)
 .text.off      0x0000c880        0xc contiki-srf06-cc26xx.a(csma.o)
 .text.channel_check_interval
                0x0000c88c       0x10 contiki-srf06-cc26xx.a(csma.o)
 .text.transmit_packet_list
                0x0000c89c       0x34 contiki-srf06-cc26xx.a(csma.o)
 .text.free_packet
                0x0000c8d0       0x98 contiki-srf06-cc26xx.a(csma.o)
 .text.packet_sent
                0x0000c968      0x100 contiki-srf06-cc26xx.a(csma.o)
 .text.send_packet
                0x0000ca68      0x164 contiki-srf06-cc26xx.a(csma.o)
 .text.init     0x0000cbcc       0x24 contiki-srf06-cc26xx.a(csma.o)
 .text.parse    0x0000cbf0       0x94 contiki-srf06-cc26xx.a(framer-802154.o)
 .text.create_frame.isra.0
                0x0000cc84      0x128 contiki-srf06-cc26xx.a(framer-802154.o)
 .text.create   0x0000cdac        0x8 contiki-srf06-cc26xx.a(framer-802154.o)
 .text.hdr_length
                0x0000cdb4        0x8 contiki-srf06-cc26xx.a(framer-802154.o)
 .text.mac_call_sent_callback
                0x0000cdbc       0x10 contiki-srf06-cc26xx.a(mac.o)
                0x0000cdbc                mac_call_sent_callback
 .text.duty_cycle
                0x0000cdcc        0x4 contiki-srf06-cc26xx.a(contikimac.o)
 .text.init     0x0000cdd0       0x40 contiki-srf06-cc26xx.a(contikimac.o)
 .text.on       0x0000ce10       0x2c contiki-srf06-cc26xx.a(contikimac.o)
 .text.off      0x0000ce3c       0x38 contiki-srf06-cc26xx.a(contikimac.o)
 .text.recv_burst_off
                0x0000ce74       0x14 contiki-srf06-cc26xx.a(contikimac.o)
 .text.powercycle_turn_radio_off.part.2
                0x0000ce88       0x10 contiki-srf06-cc26xx.a(contikimac.o)
 .text.turn_off
                0x0000ce98       0x48 contiki-srf06-cc26xx.a(contikimac.o)
 .text.turn_on  0x0000cee0       0x40 contiki-srf06-cc26xx.a(contikimac.o)
 .text.schedule_powercycle_fixed.part.5
                0x0000cf20       0x34 contiki-srf06-cc26xx.a(contikimac.o)
 .text.input_packet
                0x0000cf54       0xac contiki-srf06-cc26xx.a(contikimac.o)
 .text.send_packet.isra.8
                0x0000d000      0x228 contiki-srf06-cc26xx.a(contikimac.o)
 .text.qsend_list
                0x0000d228       0xe0 contiki-srf06-cc26xx.a(contikimac.o)
 .text.qsend_packet
                0x0000d308       0x24 contiki-srf06-cc26xx.a(contikimac.o)
 .text.powercycle_wrapper
                0x0000d32c      0x240 contiki-srf06-cc26xx.a(contikimac.o)
 .text.init     0x0000d56c        0x4 contiki-srf06-cc26xx.a(nullsec.o)
 .text.input    0x0000d570        0xc contiki-srf06-cc26xx.a(nullsec.o)
 .text.send     0x0000d57c       0x20 contiki-srf06-cc26xx.a(nullsec.o)
 .text.sensor_common_read_reg
                0x0000d59c       0x1c contiki-srf06-cc26xx.a(sensor-common.o)
                0x0000d59c                sensor_common_read_reg
 .text.sensor_common_write_reg
                0x0000d5b8       0x38 contiki-srf06-cc26xx.a(sensor-common.o)
                0x0000d5b8                sensor_common_write_reg
 .text.sensor_common_set_error_data
                0x0000d5f0       0x10 contiki-srf06-cc26xx.a(sensor-common.o)
                0x0000d5f0                sensor_common_set_error_data
 .text.verify_part
                0x0000d600       0x6c contiki-srf06-cc26xx.a(ext-flash.o)
 .text.wait_ready
                0x0000d66c       0x64 contiki-srf06-cc26xx.a(ext-flash.o)
 .text.power_down
                0x0000d6d0       0x50 contiki-srf06-cc26xx.a(ext-flash.o)
 .text.ext_flash_open
                0x0000d720       0x60 contiki-srf06-cc26xx.a(ext-flash.o)
                0x0000d720                ext_flash_open
 .text.ext_flash_init
                0x0000d780       0x14 contiki-srf06-cc26xx.a(ext-flash.o)
                0x0000d780                ext_flash_init
 .text.buzzer_init
                0x0000d794        0xc contiki-srf06-cc26xx.a(buzzer.o)
                0x0000d794                buzzer_init
 .text.buzzer_stop
                0x0000d7a0       0x74 contiki-srf06-cc26xx.a(buzzer.o)
                0x0000d7a0                buzzer_stop
 .text.accessible
                0x0000d814       0x24 contiki-srf06-cc26xx.a(board-spi.o)
 .text.board_spi_write
                0x0000d838       0x3c contiki-srf06-cc26xx.a(board-spi.o)
                0x0000d838                board_spi_write
 .text.board_spi_read
                0x0000d874       0x48 contiki-srf06-cc26xx.a(board-spi.o)
                0x0000d874                board_spi_read
 .text.board_spi_flush
                0x0000d8bc       0x24 contiki-srf06-cc26xx.a(board-spi.o)
                0x0000d8bc                board_spi_flush
 .text.board_spi_open
                0x0000d8e0       0xc0 contiki-srf06-cc26xx.a(board-spi.o)
                0x0000d8e0                board_spi_open
 .text.board_spi_close
                0x0000d9a0       0x70 contiki-srf06-cc26xx.a(board-spi.o)
                0x0000d9a0                board_spi_close
 .text.process_thread_rf_core_process
                0x0000da10       0x58 contiki-srf06-cc26xx.a(rf-core.o)
 .text.rf_core_is_accessible.part.0
                0x0000da68       0x1c contiki-srf06-cc26xx.a(rf-core.o)
 .text.rf_core_is_accessible
                0x0000da84       0x14 contiki-srf06-cc26xx.a(rf-core.o)
                0x0000da84                rf_core_is_accessible
 .text.rf_core_send_cmd
                0x0000da98       0x94 contiki-srf06-cc26xx.a(rf-core.o)
                0x0000da98                rf_core_send_cmd
 .text.rf_core_wait_cmd_done
                0x0000db2c       0x30 contiki-srf06-cc26xx.a(rf-core.o)
                0x0000db2c                rf_core_wait_cmd_done
 .text.rf_core_power_up
                0x0000db5c       0xc8 contiki-srf06-cc26xx.a(rf-core.o)
                0x0000db5c                rf_core_power_up
 .text.rf_core_power_down
                0x0000dc24       0xf0 contiki-srf06-cc26xx.a(rf-core.o)
                0x0000dc24                rf_core_power_down
 .text.rf_core_set_modesel
                0x0000dd14       0x68 contiki-srf06-cc26xx.a(rf-core.o)
                0x0000dd14                rf_core_set_modesel
 .text.rf_core_boot
                0x0000dd7c       0x30 contiki-srf06-cc26xx.a(rf-core.o)
                0x0000dd7c                rf_core_boot
 .text.rf_core_setup_interrupts
                0x0000ddac       0x74 contiki-srf06-cc26xx.a(rf-core.o)
                0x0000ddac                rf_core_setup_interrupts
 .text.rf_core_cmd_done_en
                0x0000de20       0x28 contiki-srf06-cc26xx.a(rf-core.o)
                0x0000de20                rf_core_cmd_done_en
 .text.rf_core_cmd_done_dis
                0x0000de48       0x10 contiki-srf06-cc26xx.a(rf-core.o)
                0x0000de48                rf_core_cmd_done_dis
 .text.rf_core_get_last_radio_op
                0x0000de58        0xc contiki-srf06-cc26xx.a(rf-core.o)
                0x0000de58                rf_core_get_last_radio_op
 .text.rf_core_init_radio_op
                0x0000de64       0x20 contiki-srf06-cc26xx.a(rf-core.o)
                0x0000de64                rf_core_init_radio_op
 .text.rf_core_primary_mode_register
                0x0000de84        0xc contiki-srf06-cc26xx.a(rf-core.o)
                0x0000de84                rf_core_primary_mode_register
 .text.RFCCPE1IntHandler
                0x0000de90       0x2c contiki-srf06-cc26xx.a(rf-core.o)
                0x0000de90                RFCCPE1IntHandler
 .text.RFCCPE0IntHandler
                0x0000debc       0x54 contiki-srf06-cc26xx.a(rf-core.o)
                0x0000debc                RFCCPE0IntHandler
 .text.stimer_set
                0x0000df10       0x10 contiki-srf06-cc26xx.a(stimer.o)
                0x0000df10                stimer_set
 .text.stimer_expired
                0x0000df20       0x20 contiki-srf06-cc26xx.a(stimer.o)
                0x0000df20                stimer_expired
 .text.memb_init
                0x0000df40       0x24 contiki-srf06-cc26xx.a(memb.o)
                0x0000df40                memb_init
 .text.memb_alloc
                0x0000df64       0x3c contiki-srf06-cc26xx.a(memb.o)
                0x0000df64                memb_alloc
 .text.memb_free
                0x0000dfa0       0x44 contiki-srf06-cc26xx.a(memb.o)
                0x0000dfa0                memb_free
 .text.memb_inmemb
                0x0000dfe4       0x1c contiki-srf06-cc26xx.a(memb.o)
                0x0000dfe4                memb_inmemb
 .text.memb_numfree
                0x0000e000       0x1c contiki-srf06-cc26xx.a(memb.o)
                0x0000e000                memb_numfree
 .text.ChipInfo_GetSupportedProtocol_BV
                0x0000e01c       0x10 contiki-srf06-cc26xx.a(chipinfo.o)
                0x0000e01c                ChipInfo_GetSupportedProtocol_BV
 .text.ChipInfo_GetChipFamily
                0x0000e02c       0x38 contiki-srf06-cc26xx.a(chipinfo.o)
                0x0000e02c                ChipInfo_GetChipFamily
 .text.ChipInfo_GetHwRevision
                0x0000e064       0x98 contiki-srf06-cc26xx.a(chipinfo.o)
                0x0000e064                ChipInfo_GetHwRevision
 .text.ThisCodeIsBuiltForCC26xxHwRev22AndLater_HaltIfViolated
                0x0000e0fc       0x2c contiki-srf06-cc26xx.a(chipinfo.o)
                0x0000e0fc                ThisCodeIsBuiltForCC26xxHwRev22AndLater_HaltIfViolated
 .text.field_len
                0x0000e128       0x88 contiki-srf06-cc26xx.a(frame802154.o)
 .text.frame802154_hdrlen
                0x0000e1b0       0x30 contiki-srf06-cc26xx.a(frame802154.o)
                0x0000e1b0                frame802154_hdrlen
 .text.frame802154_create
                0x0000e1e0       0xe8 contiki-srf06-cc26xx.a(frame802154.o)
                0x0000e1e0                frame802154_create
 .text.frame802154_parse
                0x0000e2c8      0x130 contiki-srf06-cc26xx.a(frame802154.o)
                0x0000e2c8                frame802154_parse
 .text.mac_sequence_is_duplicate
                0x0000e3f8       0x3c contiki-srf06-cc26xx.a(mac-sequence.o)
                0x0000e3f8                mac_sequence_is_duplicate
 .text.mac_sequence_register_seqno
                0x0000e434       0x70 contiki-srf06-cc26xx.a(mac-sequence.o)
                0x0000e434                mac_sequence_register_seqno
 .text.exp2     0x0000e4a4       0x10 /usr/bin/../lib/gcc/arm-none-eabi/4.9.3/../../../../arm-none-eabi/lib/armv7-m/libm.a(lib_a-w_exp2.o)
                0x0000e4a4                exp2
 .text.pow      0x0000e4b4      0x2f0 /usr/bin/../lib/gcc/arm-none-eabi/4.9.3/../../../../arm-none-eabi/lib/armv7-m/libm.a(lib_a-w_pow.o)
                0x0000e4b4                pow
 .text.__ieee754_sqrt
                0x0000e7a4      0x18c /usr/bin/../lib/gcc/arm-none-eabi/4.9.3/../../../../arm-none-eabi/lib/armv7-m/libm.a(lib_a-e_sqrt.o)
                0x0000e7a4                __ieee754_sqrt
 .text.fabs     0x0000e930        0x8 /usr/bin/../lib/gcc/arm-none-eabi/4.9.3/../../../../arm-none-eabi/lib/armv7-m/libm.a(lib_a-s_fabs.o)
                0x0000e930                fabs
 .text.finite   0x0000e938        0xc /usr/bin/../lib/gcc/arm-none-eabi/4.9.3/../../../../arm-none-eabi/lib/armv7-m/libm.a(lib_a-s_finite.o)
                0x0000e938                finite
 .text.__fpclassifyd
                0x0000e944       0x58 /usr/bin/../lib/gcc/arm-none-eabi/4.9.3/../../../../arm-none-eabi/lib/armv7-m/libm.a(lib_a-s_fpclassify.o)
                0x0000e944                __fpclassifyd
 .text.matherr  0x0000e99c        0x4 /usr/bin/../lib/gcc/arm-none-eabi/4.9.3/../../../../arm-none-eabi/lib/armv7-m/libm.a(lib_a-s_matherr.o)
                0x0000e99c                matherr
 .text.nan      0x0000e9a0        0xc /usr/bin/../lib/gcc/arm-none-eabi/4.9.3/../../../../arm-none-eabi/lib/armv7-m/libm.a(lib_a-s_nan.o)
                0x0000e9a0                nan
 .text.rint     0x0000e9ac      0x11c /usr/bin/../lib/gcc/arm-none-eabi/4.9.3/../../../../arm-none-eabi/lib/armv7-m/libm.a(lib_a-s_rint.o)
                0x0000e9ac                rint
 .text.copysign
                0x0000eac8       0x10 /usr/bin/../lib/gcc/arm-none-eabi/4.9.3/../../../../arm-none-eabi/lib/armv7-m/libm.a(lib_a-s_copysign.o)
                0x0000eac8                copysign
 .text          0x0000ead8      0x370 /usr/bin/../lib/gcc/arm-none-eabi/4.9.3/armv7-m/libgcc.a(_arm_addsubdf3.o)
                0x0000ead8                __aeabi_drsub
                0x0000eae0                __aeabi_dsub
                0x0000eae0                __subdf3
                0x0000eae4                __adddf3
                0x0000eae4                __aeabi_dadd
                0x0000ed5c                __aeabi_ui2d
                0x0000ed5c                __floatunsidf
                0x0000ed7c                __floatsidf
                0x0000ed7c                __aeabi_i2d
                0x0000eda0                __extendsfdf2
                0x0000eda0                __aeabi_f2d
                0x0000eddc                __aeabi_ul2d
                0x0000eddc                __floatundidf
                0x0000edec                __floatdidf
                0x0000edec                __aeabi_l2d
 .text          0x0000ee48      0x424 /usr/bin/../lib/gcc/arm-none-eabi/4.9.3/armv7-m/libgcc.a(_arm_muldivdf3.o)
                0x0000ee48                __aeabi_dmul
                0x0000ee48                __muldf3
                0x0000f09c                __aeabi_ddiv
                0x0000f09c                __divdf3
 .text          0x0000f26c      0x110 /usr/bin/../lib/gcc/arm-none-eabi/4.9.3/armv7-m/libgcc.a(_arm_cmpdf2.o)
                0x0000f26c                __gtdf2
                0x0000f26c                __gedf2
                0x0000f274                __ltdf2
                0x0000f274                __ledf2
                0x0000f27c                __cmpdf2
                0x0000f27c                __eqdf2
                0x0000f27c                __nedf2
                0x0000f2f8                __aeabi_cdrcmple
                0x0000f308                __aeabi_cdcmple
                0x0000f308                __aeabi_cdcmpeq
                0x0000f318                __aeabi_dcmpeq
                0x0000f32c                __aeabi_dcmplt
                0x0000f340                __aeabi_dcmple
                0x0000f354                __aeabi_dcmpge
                0x0000f368                __aeabi_dcmpgt
 .text          0x0000f37c       0xa0 /usr/bin/../lib/gcc/arm-none-eabi/4.9.3/armv7-m/libgcc.a(_arm_truncdfsf2.o)
                0x0000f37c                __aeabi_d2f
                0x0000f37c                __truncdfsf2
 .text          0x0000f41c      0x21c /usr/bin/../lib/gcc/arm-none-eabi/4.9.3/armv7-m/libgcc.a(_arm_addsubsf3.o)
                0x0000f41c                __aeabi_frsub
                0x0000f424                __subsf3
                0x0000f424                __aeabi_fsub
                0x0000f428                __aeabi_fadd
                0x0000f428                __addsf3
                0x0000f588                __aeabi_ui2f
                0x0000f588                __floatunsisf
                0x0000f590                __aeabi_i2f
                0x0000f590                __floatsisf
                0x0000f5ac                __floatundisf
                0x0000f5ac                __aeabi_ul2f
                0x0000f5bc                __floatdisf
                0x0000f5bc                __aeabi_l2f
 .text          0x0000f638      0x2a0 /usr/bin/../lib/gcc/arm-none-eabi/4.9.3/armv7-m/libgcc.a(_arm_muldivsf3.o)
                0x0000f638                __mulsf3
                0x0000f638                __aeabi_fmul
                0x0000f7a0                __divsf3
                0x0000f7a0                __aeabi_fdiv
 .text          0x0000f8d8       0x4c /usr/bin/../lib/gcc/arm-none-eabi/4.9.3/armv7-m/libgcc.a(_arm_fixsfsi.o)
                0x0000f8d8                __fixsfsi
                0x0000f8d8                __aeabi_f2iz
 .text          0x0000f924       0x30 /usr/bin/../lib/gcc/arm-none-eabi/4.9.3/armv7-m/libgcc.a(_aeabi_uldivmod.o)
                0x0000f924                __aeabi_uldivmod
 .text          0x0000f954       0x60 /usr/bin/../lib/gcc/arm-none-eabi/4.9.3/armv7-m/libgcc.a(bpabi.o)
                0x0000f954                __gnu_ldivmod_helper
                0x0000f984                __gnu_uldivmod_helper
 .text          0x0000f9b4        0x4 /usr/bin/../lib/gcc/arm-none-eabi/4.9.3/armv7-m/libgcc.a(_dvmd_tls.o)
                0x0000f9b4                __aeabi_ldiv0
                0x0000f9b4                __aeabi_idiv0
 .text          0x0000f9b8      0x2ac /usr/bin/../lib/gcc/arm-none-eabi/4.9.3/armv7-m/libgcc.a(_divdi3.o)
                0x0000f9b8                __divdi3
 .text          0x0000fc64      0x270 /usr/bin/../lib/gcc/arm-none-eabi/4.9.3/armv7-m/libgcc.a(_udivdi3.o)
                0x0000fc64                __udivdi3
 .text.__errno  0x0000fed4        0xc /usr/bin/../lib/gcc/arm-none-eabi/4.9.3/../../../../arm-none-eabi/lib/armv7-m/libc.a(lib_a-errno.o)
                0x0000fed4                __errno
 .text.memcmp   0x0000fee0       0x64 /usr/bin/../lib/gcc/arm-none-eabi/4.9.3/../../../../arm-none-eabi/lib/armv7-m/libc.a(lib_a-memcmp.o)
                0x0000fee0                memcmp
 .text          0x0000ff44       0xec /usr/bin/../lib/gcc/arm-none-eabi/4.9.3/../../../../arm-none-eabi/lib/armv7-m/libc.a(lib_a-memcpy.o)
                0x0000ff44                memcpy
 .text.memmove  0x00010030       0xc8 /usr/bin/../lib/gcc/arm-none-eabi/4.9.3/../../../../arm-none-eabi/lib/armv7-m/libc.a(lib_a-memmove.o)
                0x00010030                memmove
 .text.memset   0x000100f8       0x9c /usr/bin/../lib/gcc/arm-none-eabi/4.9.3/../../../../arm-none-eabi/lib/armv7-m/libc.a(lib_a-memset.o)
                0x000100f8                memset
 .text.srand    0x00010194       0x14 /usr/bin/../lib/gcc/arm-none-eabi/4.9.3/../../../../arm-none-eabi/lib/armv7-m/libc.a(lib_a-rand.o)
                0x00010194                srand
 .text.rand     0x000101a8       0x40 /usr/bin/../lib/gcc/arm-none-eabi/4.9.3/../../../../arm-none-eabi/lib/armv7-m/libc.a(lib_a-rand.o)
                0x000101a8                rand
 .text.strlen   0x000101e8       0x5c /usr/bin/../lib/gcc/arm-none-eabi/4.9.3/../../../../arm-none-eabi/lib/armv7-m/libc.a(lib_a-strlen.o)
                0x000101e8                strlen
 *(SORT(.rodata*))
 *fill*         0x00010244        0x4 00000000
 .rodata.dp_h   0x00010248       0x10 /usr/bin/../lib/gcc/arm-none-eabi/4.9.3/../../../../arm-none-eabi/lib/armv7-m/libm.a(lib_a-e_pow.o)
 .rodata.dp_l   0x00010258       0x10 /usr/bin/../lib/gcc/arm-none-eabi/4.9.3/../../../../arm-none-eabi/lib/armv7-m/libm.a(lib_a-e_pow.o)
 .rodata.bp     0x00010268       0x10 /usr/bin/../lib/gcc/arm-none-eabi/4.9.3/../../../../arm-none-eabi/lib/armv7-m/libm.a(lib_a-e_pow.o)
 .rodata.TWO52  0x00010278       0x10 /usr/bin/../lib/gcc/arm-none-eabi/4.9.3/../../../../arm-none-eabi/lib/armv7-m/libm.a(lib_a-s_rint.o)
 .rodata.autostart_processes
                0x00010288        0x8 cc26xx-demo.co
                0x00010288                autostart_processes
 .rodata.str1.4
                0x00010290      0x2c8 cc26xx-demo.co
 .rodata.str1.4
                0x00010558       0x8d contiki-srf06-cc26xx.a(contiki-main.o)
                                 0xa1 (size before relaxing)
 *fill*         0x000105e5        0x3 00000000
 .rodata.str1.4
                0x000105e8        0x8 contiki-srf06-cc26xx.a(sensors.o)
 .rodata.str1.4
                0x000105f0        0x7 contiki-srf06-cc26xx.a(bmp-280-sensor.)
 *fill*         0x000105f7        0x1 00000000
 .rodata.bmp_280_sensor
                0x000105f8       0x10 contiki-srf06-cc26xx.a(bmp-280-sensor.)
                0x000105f8                bmp_280_sensor
 .rodata.tmp_007_sensor
                0x00010608       0x10 contiki-srf06-cc26xx.a(tmp-007-sensor.)
                0x00010608                tmp_007_sensor
 .rodata.str1.4
                0x00010618        0x7 contiki-srf06-cc26xx.a(tmp-007-sensor.)
 *fill*         0x0001061f        0x1 00000000
 .rodata.str1.4
                0x00010620        0x8 contiki-srf06-cc26xx.a(opt-3001-sensor)
 .rodata.opt_3001_sensor
                0x00010628       0x10 contiki-srf06-cc26xx.a(opt-3001-sensor)
                0x00010628                opt_3001_sensor
 .rodata.hdc_1000_sensor
                0x00010638       0x10 contiki-srf06-cc26xx.a(hdc-1000-sensor)
                0x00010638                hdc_1000_sensor
 .rodata.str1.4
                0x00010648        0x8 contiki-srf06-cc26xx.a(hdc-1000-sensor)
 .rodata.mpu_9250_sensor
                0x00010650       0x10 contiki-srf06-cc26xx.a(mpu-9250-sensor)
                0x00010650                mpu_9250_sensor
 .rodata.str1.4
                0x00010660        0x8 contiki-srf06-cc26xx.a(mpu-9250-sensor)
 .rodata.str1.4
                0x00010668        0x7 contiki-srf06-cc26xx.a(button-sensor.o)
 *fill*         0x0001066f        0x1 00000000
 .rodata.button_left_sensor
                0x00010670       0x10 contiki-srf06-cc26xx.a(button-sensor.o)
                0x00010670                button_left_sensor
 .rodata.button_right_sensor
                0x00010680       0x10 contiki-srf06-cc26xx.a(button-sensor.o)
                0x00010680                button_right_sensor
 .rodata.str1.4
                0x00010690        0x5 contiki-srf06-cc26xx.a(reed-relay.o)
 *fill*         0x00010695        0x3 00000000
 .rodata.reed_relay_sensor
                0x00010698       0x10 contiki-srf06-cc26xx.a(reed-relay.o)
                0x00010698                reed_relay_sensor
 .rodata.str1.4
                0x000106a8       0x10 contiki-srf06-cc26xx.a(batmon-sensor.o)
 .rodata.batmon_sensor
                0x000106b8       0x10 contiki-srf06-cc26xx.a(batmon-sensor.o)
                0x000106b8                batmon_sensor
 .rodata.output_power
                0x000106c8       0x68 contiki-srf06-cc26xx.a(ieee-mode.o)
 .rodata.ieee_mode_driver
                0x00010730       0x38 contiki-srf06-cc26xx.a(ieee-mode.o)
                0x00010730                ieee_mode_driver
 .rodata.mode_ieee
                0x00010768        0x8 contiki-srf06-cc26xx.a(ieee-mode.o)
 .rodata.str1.4
                0x00010770       0x42 contiki-srf06-cc26xx.a(strformat.o)
                                 0x46 (size before relaxing)
 *fill*         0x000107b2        0x2 00000000
 .rodata.buffer.4019
                0x000107b4       0x10 contiki-srf06-cc26xx.a(strformat.o)
 .rodata.buffer.4028
                0x000107c4       0x10 contiki-srf06-cc26xx.a(strformat.o)
 .rodata.str1.4
                0x000107d4        0xf contiki-srf06-cc26xx.a(ctimer.o)
 *fill*         0x000107e3        0x1 00000000
 .rodata.str1.4
                0x000107e4        0xc contiki-srf06-cc26xx.a(etimer.o)
 .rodata.str1.4
                0x000107f0        0xe contiki-srf06-cc26xx.a(serial-line.o)
 *fill*         0x000107fe        0x2 00000000
 .rodata        0x00010800        0x2 contiki-srf06-cc26xx.a(sicslowpan.o)
 *fill*         0x00010802        0x2 00000000
 .rodata.ttl_values
                0x00010804        0x4 contiki-srf06-cc26xx.a(sicslowpan.o)
 .rodata.unc_llconf
                0x00010808        0x4 contiki-srf06-cc26xx.a(sicslowpan.o)
                0x00010808                unc_llconf
 .rodata.llprefix
                0x0001080c        0x2 contiki-srf06-cc26xx.a(sicslowpan.o)
                0x0001080c                llprefix
 *fill*         0x0001080e        0x2 00000000
 .rodata.unc_mxconf
                0x00010810        0x4 contiki-srf06-cc26xx.a(sicslowpan.o)
                0x00010810                unc_mxconf
 .rodata.sicslowpan_driver
                0x00010814        0xc contiki-srf06-cc26xx.a(sicslowpan.o)
                0x00010814                sicslowpan_driver
 .rodata.unc_ctxconf
                0x00010820        0x4 contiki-srf06-cc26xx.a(sicslowpan.o)
                0x00010820                unc_ctxconf
 .rodata.str1.4
                0x00010824        0xb contiki-srf06-cc26xx.a(sicslowpan.o)
 *fill*         0x0001082f        0x1 00000000
 .rodata.str1.4
                0x00010830       0x13 contiki-srf06-cc26xx.a(simple-udp.o)
 *fill*         0x00010843        0x1 00000000
 .rodata.str1.4
                0x00010844        0xd contiki-srf06-cc26xx.a(tcpip.o)
 *fill*         0x00010851        0x3 00000000
 .rodata.str1.4
                0x00010854       0x41 contiki-srf06-cc26xx.a(uip-debug.o)
 *fill*         0x00010895        0x3 00000000
 .rodata.linkaddr_null
                0x00010898        0x8 contiki-srf06-cc26xx.a(linkaddr.o)
                0x00010898                linkaddr_null
 .rodata.str1.4
                0x000108a0        0x5 contiki-srf06-cc26xx.a(csma.o)
 *fill*         0x000108a5        0x3 00000000
 .rodata.csma_driver
                0x000108a8       0x1c contiki-srf06-cc26xx.a(csma.o)
                0x000108a8                csma_driver
 .rodata.framer_802154
                0x000108c4        0xc contiki-srf06-cc26xx.a(framer-802154.o)
                0x000108c4                framer_802154
 .rodata.str1.4
                0x000108d0        0xb contiki-srf06-cc26xx.a(contikimac.o)
 *fill*         0x000108db        0x1 00000000
 .rodata.contikimac_driver
                0x000108dc       0x20 contiki-srf06-cc26xx.a(contikimac.o)
                0x000108dc                contikimac_driver
 .rodata.str1.4
                0x000108fc        0x8 contiki-srf06-cc26xx.a(nullsec.o)
 .rodata.nullsec_driver
                0x00010904       0x10 contiki-srf06-cc26xx.a(nullsec.o)
                0x00010904                nullsec_driver
 .rodata        0x00010914        0x4 contiki-srf06-cc26xx.a(ext-flash.o)
 .rodata.str1.4
                0x00010918       0x46 contiki-srf06-cc26xx.a(rf-core.o)
 *fill*         0x0001095e        0x2 00000000
 .rodata.str1.4
                0x00010960        0x4 /usr/bin/../lib/gcc/arm-none-eabi/4.9.3/../../../../arm-none-eabi/lib/armv7-m/libm.a(lib_a-w_pow.o)
 .rodata.str1.4
                0x00000000        0x4 /usr/bin/../lib/gcc/arm-none-eabi/4.9.3/../../../../arm-none-eabi/lib/armv7-m/libm.a(lib_a-e_pow.o)
                                  0x1 (size before relaxing)
 .rodata.str1.4
                0x00010964        0x4 /usr/bin/../lib/gcc/arm-none-eabi/4.9.3/../../../../arm-none-eabi/lib/armv7-m/libc.a(lib_a-impure.o)
                                  0x2 (size before relaxing)
                0x00010968                _etext = .

.glue_7         0x00010968        0x0
 .glue_7        0x00000000        0x0 linker stubs

.glue_7t        0x00010968        0x0
 .glue_7t       0x00000000        0x0 linker stubs

.vfp11_veneer   0x00010968        0x0
 .vfp11_veneer  0x00000000        0x0 linker stubs

.v4_bx          0x00010968        0x0
 .v4_bx         0x00000000        0x0 linker stubs

.iplt           0x00010968        0x0
 .iplt          0x00000000        0x0 obj_srf06-cc26xx/startup_gcc.o

.data           0x20000000      0x663 load address 0x00010968
                0x20000000                _data = .
 *(SORT(vtable))
 *(SORT(.data*))
 .data.impure_data
                0x20000000      0x428 /usr/bin/../lib/gcc/arm-none-eabi/4.9.3/../../../../arm-none-eabi/lib/armv7-m/libc.a(lib_a-impure.o)
 .data.cc26xx_demo_process
                0x20000428       0x10 cc26xx-demo.co
                0x20000428                cc26xx_demo_process
 .data.sensors_process
                0x20000438       0x10 contiki-srf06-cc26xx.a(sensors.o)
                0x20000438                sensors_process
 .data.sensors  0x20000448       0x24 contiki-srf06-cc26xx.a(sensortag-senso)
                0x20000448                sensors
 .data.sensortag_module
                0x2000046c       0x14 contiki-srf06-cc26xx.a(board.o)
 .data.uart_module
                0x20000480       0x14 contiki-srf06-cc26xx.a(cc26xx-uart.o)
 .data.cc26xx_rf_lpm_module
                0x20000494       0x14 contiki-srf06-cc26xx.a(ieee-mode.o)
 .data.tx_power_current
                0x200004a8        0x4 contiki-srf06-cc26xx.a(ieee-mode.o)
                0x200004a8                tx_power_current
 .data.ieee_overrides
                0x200004ac       0x2c contiki-srf06-cc26xx.a(ieee-mode.o)
 .data.ctxt     0x200004d8        0x8 contiki-srf06-cc26xx.a(dbg-printf.o)
 .data.ctimer_process
                0x200004e0       0x10 contiki-srf06-cc26xx.a(ctimer.o)
                0x200004e0                ctimer_process
 .data.etimer_process
                0x200004f0       0x10 contiki-srf06-cc26xx.a(etimer.o)
                0x200004f0                etimer_process
 .data.serial_line_process
                0x20000500       0x10 contiki-srf06-cc26xx.a(serial-line.o)
                0x20000500                serial_line_process
 .data.ds6_neighbors
                0x20000510        0x4 contiki-srf06-cc26xx.a(uip-ds6-nbr.o)
                0x20000510                ds6_neighbors
 .data.ds6_neighbors_struct
                0x20000514       0x10 contiki-srf06-cc26xx.a(uip-ds6-nbr.o)
 .data.defaultroutermemb
                0x20000524        0xc contiki-srf06-cc26xx.a(uip-ds6-route.o)
 .data.nbr_routes_struct
                0x20000530       0x10 contiki-srf06-cc26xx.a(uip-ds6-route.o)
 .data.routememb
                0x20000540        0xc contiki-srf06-cc26xx.a(uip-ds6-route.o)
 .data.neighborroutememb
                0x2000054c        0xc contiki-srf06-cc26xx.a(uip-ds6-route.o)
 .data.echo_request_handler
                0x20000558        0xc contiki-srf06-cc26xx.a(uip-icmp6.o)
 .data.echo_reply_handler
                0x20000564        0xc contiki-srf06-cc26xx.a(uip-icmp6.o)
 .data.simple_udp_process
                0x20000570       0x10 contiki-srf06-cc26xx.a(simple-udp.o)
                0x20000570                simple_udp_process
 .data.tcpip_process
                0x20000580       0x10 contiki-srf06-cc26xx.a(tcpip.o)
                0x20000580                tcpip_process
 .data.rpl_parents
                0x20000590        0x4 contiki-srf06-cc26xx.a(rpl-dag.o)
                0x20000590                rpl_parents
 .data.rpl_parents_struct
                0x20000594       0x10 contiki-srf06-cc26xx.a(rpl-dag.o)
 .data.dao_ack_handler
                0x200005a4        0xc contiki-srf06-cc26xx.a(rpl-icmp6.o)
 .data.dis_handler
                0x200005b0        0xc contiki-srf06-cc26xx.a(rpl-icmp6.o)
 .data.dao_handler
                0x200005bc        0xc contiki-srf06-cc26xx.a(rpl-icmp6.o)
 .data.dio_handler
                0x200005c8        0xc contiki-srf06-cc26xx.a(rpl-icmp6.o)
 .data.rpl_mrhof
                0x200005d4       0x1c contiki-srf06-cc26xx.a(rpl-mrhof.o)
                0x200005d4                rpl_mrhof
 .data.neighbor_addr_mem
                0x200005f0        0xc contiki-srf06-cc26xx.a(nbr-table.o)
 .data.bufmem   0x200005fc        0xc contiki-srf06-cc26xx.a(queuebuf.o)
 .data.buframmem
                0x20000608        0xc contiki-srf06-cc26xx.a(queuebuf.o)
 .data.metadata_memb
                0x20000614        0xc contiki-srf06-cc26xx.a(csma.o)
 .data.neighbor_memb
                0x20000620        0xc contiki-srf06-cc26xx.a(csma.o)
 .data.packet_memb
                0x2000062c        0xc contiki-srf06-cc26xx.a(csma.o)
 .data.buzzer_module
                0x20000638       0x14 contiki-srf06-cc26xx.a(buzzer.o)
 .data.rf_core_process
                0x2000064c       0x10 contiki-srf06-cc26xx.a(rf-core.o)
                0x2000064c                rf_core_process
 .data._impure_ptr
                0x2000065c        0x4 /usr/bin/../lib/gcc/arm-none-eabi/4.9.3/../../../../arm-none-eabi/lib/armv7-m/libc.a(lib_a-impure.o)
                0x2000065c                _impure_ptr
 .data.interface
                0x20000660        0x1 contiki-srf06-cc26xx.a(board-i2c.o)
 .data.dao_sequence
                0x20000661        0x1 contiki-srf06-cc26xx.a(rpl-icmp6.o)
 .data.__fdlib_version
                0x20000662        0x1 /usr/bin/../lib/gcc/arm-none-eabi/4.9.3/../../../../arm-none-eabi/lib/armv7-m/libm.a(lib_a-s_lib_ver.o)
                0x20000662                __fdlib_version
                0x20000663                _edata = .

.igot.plt       0x20000664        0x0 load address 0x00010fcb
 .igot.plt      0x00000000        0x0 obj_srf06-cc26xx/startup_gcc.o

.ARM.exidx      0x00010fcc        0x8
 *(SORT(.ARM.exidx*))
 .ARM.exidx     0x00010fcc        0x8 /usr/bin/../lib/gcc/arm-none-eabi/4.9.3/armv7-m/libgcc.a(_divdi3.o)
 .ARM.exidx     0x00010fd4        0x0 /usr/bin/../lib/gcc/arm-none-eabi/4.9.3/armv7-m/libgcc.a(_udivdi3.o)
                                  0x8 (size before relaxing)

.bss            0x20000668     0x3062
                0x20000668                _bss = .
 *(SORT(.bss*))
 .bss.count     0x20000668        0x8 contiki-srf06-cc26xx.a(clock.o)
 .bss.hdc_timer
                0x20000670       0x20 cc26xx-demo.co
 .bss.tmp_timer
                0x20000690       0x20 cc26xx-demo.co
 .bss.alight    0x200006b0        0x4 cc26xx-demo.co
                0x200006b0                alight
 .bss.atmp      0x200006b4        0x8 cc26xx-demo.co
                0x200006b4                atmp
 .bss.opt_timer
                0x200006bc       0x20 cc26xx-demo.co
 .bss.asend     0x200006dc       0x48 cc26xx-demo.co
                0x200006dc                asend
 .bss.ampu      0x20000724       0x24 cc26xx-demo.co
                0x20000724                ampu
 .bss.mpu_timer
                0x20000748       0x20 cc26xx-demo.co
 .bss.ahdc      0x20000768        0x8 cc26xx-demo.co
                0x20000768                ahdc
 .bss.abmp      0x20000770        0x8 cc26xx-demo.co
                0x20000770                abmp
 .bss.bmp_timer
                0x20000778       0x20 cc26xx-demo.co
 .bss.broadcast_connection
                0x20000798       0x24 cc26xx-demo.co
 .bss.abat      0x200007bc        0x8 cc26xx-demo.co
                0x200007bc                abat
 .bss.et        0x200007c4       0x10 cc26xx-demo.co
 .bss.i.4813    0x200007d4        0x4 contiki-srf06-cc26xx.a(sensors.o)
 .bss.events.4814
                0x200007d8        0x4 contiki-srf06-cc26xx.a(sensors.o)
 .bss.inited    0x200007dc        0x4 contiki-srf06-cc26xx.a(leds-arch.o)
 .bss.sensor_value
                0x200007e0        0x6 contiki-srf06-cc26xx.a(bmp-280-sensor.)
 *fill*         0x200007e6        0x2 
 .bss.calibration_data
                0x200007e8       0x18 contiki-srf06-cc26xx.a(bmp-280-sensor.)
 .bss.startup_timer
                0x20000800       0x20 contiki-srf06-cc26xx.a(bmp-280-sensor.)
 .bss.enabled   0x20000820        0x4 contiki-srf06-cc26xx.a(bmp-280-sensor.)
 .bss.obj_temp_latched